Archive member included to satisfy reference by file (symbol)

c:/ac6/systemworkbench/plugins/fr.ac6.mcu.externaltools.arm-none.win32_1.17.0.201812190825/tools/compiler/bin/../lib/gcc/arm-none-eabi/7.3.1/thumb/v7e-m/fpv4-sp/hard\libgcc.a(_aeabi_uldivmod.o)
                              Drivers/STM32L4xx_HAL_Driver/Src/stm32l4xx_hal_uart.o (__aeabi_uldivmod)
c:/ac6/systemworkbench/plugins/fr.ac6.mcu.externaltools.arm-none.win32_1.17.0.201812190825/tools/compiler/bin/../lib/gcc/arm-none-eabi/7.3.1/thumb/v7e-m/fpv4-sp/hard\libgcc.a(_udivmoddi4.o)
                              c:/ac6/systemworkbench/plugins/fr.ac6.mcu.externaltools.arm-none.win32_1.17.0.201812190825/tools/compiler/bin/../lib/gcc/arm-none-eabi/7.3.1/thumb/v7e-m/fpv4-sp/hard\libgcc.a(_aeabi_uldivmod.o) (__udivmoddi4)
c:/ac6/systemworkbench/plugins/fr.ac6.mcu.externaltools.arm-none.win32_1.17.0.201812190825/tools/compiler/bin/../lib/gcc/arm-none-eabi/7.3.1/thumb/v7e-m/fpv4-sp/hard\libgcc.a(_dvmd_tls.o)
                              c:/ac6/systemworkbench/plugins/fr.ac6.mcu.externaltools.arm-none.win32_1.17.0.201812190825/tools/compiler/bin/../lib/gcc/arm-none-eabi/7.3.1/thumb/v7e-m/fpv4-sp/hard\libgcc.a(_aeabi_uldivmod.o) (__aeabi_ldiv0)
c:/ac6/systemworkbench/plugins/fr.ac6.mcu.externaltools.arm-none.win32_1.17.0.201812190825/tools/compiler/bin/../lib/gcc/arm-none-eabi/7.3.1/../../../../arm-none-eabi/lib/thumb/v7e-m/fpv4-sp/hard\libc_nano.a(lib_a-errno.o)
                              Core/Src/syscalls.o (__errno)
c:/ac6/systemworkbench/plugins/fr.ac6.mcu.externaltools.arm-none.win32_1.17.0.201812190825/tools/compiler/bin/../lib/gcc/arm-none-eabi/7.3.1/../../../../arm-none-eabi/lib/thumb/v7e-m/fpv4-sp/hard\libc_nano.a(lib_a-exit.o)
                              c:/ac6/systemworkbench/plugins/fr.ac6.mcu.externaltools.arm-none.win32_1.17.0.201812190825/tools/compiler/bin/../lib/gcc/arm-none-eabi/7.3.1/../../../../arm-none-eabi/lib/thumb/v7e-m/fpv4-sp/hard/crt0.o (exit)
c:/ac6/systemworkbench/plugins/fr.ac6.mcu.externaltools.arm-none.win32_1.17.0.201812190825/tools/compiler/bin/../lib/gcc/arm-none-eabi/7.3.1/../../../../arm-none-eabi/lib/thumb/v7e-m/fpv4-sp/hard\libc_nano.a(lib_a-impure.o)
                              c:/ac6/systemworkbench/plugins/fr.ac6.mcu.externaltools.arm-none.win32_1.17.0.201812190825/tools/compiler/bin/../lib/gcc/arm-none-eabi/7.3.1/../../../../arm-none-eabi/lib/thumb/v7e-m/fpv4-sp/hard\libc_nano.a(lib_a-exit.o) (_global_impure_ptr)
c:/ac6/systemworkbench/plugins/fr.ac6.mcu.externaltools.arm-none.win32_1.17.0.201812190825/tools/compiler/bin/../lib/gcc/arm-none-eabi/7.3.1/../../../../arm-none-eabi/lib/thumb/v7e-m/fpv4-sp/hard\libc_nano.a(lib_a-init.o)
                              c:/ac6/systemworkbench/plugins/fr.ac6.mcu.externaltools.arm-none.win32_1.17.0.201812190825/tools/compiler/bin/../lib/gcc/arm-none-eabi/7.3.1/../../../../arm-none-eabi/lib/thumb/v7e-m/fpv4-sp/hard/crt0.o (__libc_init_array)
c:/ac6/systemworkbench/plugins/fr.ac6.mcu.externaltools.arm-none.win32_1.17.0.201812190825/tools/compiler/bin/../lib/gcc/arm-none-eabi/7.3.1/../../../../arm-none-eabi/lib/thumb/v7e-m/fpv4-sp/hard\libc_nano.a(lib_a-memcpy-stub.o)
                              Middlewares/Third_Party/FreeRTOS/Source/queue.o (memcpy)
c:/ac6/systemworkbench/plugins/fr.ac6.mcu.externaltools.arm-none.win32_1.17.0.201812190825/tools/compiler/bin/../lib/gcc/arm-none-eabi/7.3.1/../../../../arm-none-eabi/lib/thumb/v7e-m/fpv4-sp/hard\libc_nano.a(lib_a-memset.o)
                              c:/ac6/systemworkbench/plugins/fr.ac6.mcu.externaltools.arm-none.win32_1.17.0.201812190825/tools/compiler/bin/../lib/gcc/arm-none-eabi/7.3.1/../../../../arm-none-eabi/lib/thumb/v7e-m/fpv4-sp/hard/crt0.o (memset)

Allocating common symbols
Common symbol       size              file

defaultTaskHandle   0x4               Core/Src/main.o
uwTick              0x4               Drivers/STM32L4xx_HAL_Driver/Src/stm32l4xx_hal.o
xQueueRegistry      0x40              Middlewares/Third_Party/FreeRTOS/Source/queue.o
huart1              0x80              Core/Src/main.o
faults              0x270             Core/Src/fault_library.o

Discarded input sections

 .text          0x00000000        0x0 c:/ac6/systemworkbench/plugins/fr.ac6.mcu.externaltools.arm-none.win32_1.17.0.201812190825/tools/compiler/bin/../lib/gcc/arm-none-eabi/7.3.1/thumb/v7e-m/fpv4-sp/hard/crti.o
 .data          0x00000000        0x0 c:/ac6/systemworkbench/plugins/fr.ac6.mcu.externaltools.arm-none.win32_1.17.0.201812190825/tools/compiler/bin/../lib/gcc/arm-none-eabi/7.3.1/thumb/v7e-m/fpv4-sp/hard/crti.o
 .bss           0x00000000        0x0 c:/ac6/systemworkbench/plugins/fr.ac6.mcu.externaltools.arm-none.win32_1.17.0.201812190825/tools/compiler/bin/../lib/gcc/arm-none-eabi/7.3.1/thumb/v7e-m/fpv4-sp/hard/crti.o
[...]
Memory Configuration

Name             Origin             Length             Attributes
RAM              0x20000000         0x00010000         xrw
FLASH            0x08000000         0x00040000         xr
*default*        0x00000000         0xffffffff

Linker script and memory map

LOAD c:/ac6/systemworkbench/plugins/fr.ac6.mcu.externaltools.arm-none.win32_1.17.0.201812190825/tools/compiler/bin/../lib/gcc/arm-none-eabi/7.3.1/thumb/v7e-m/fpv4-sp/hard/crti.o
LOAD c:/ac6/systemworkbench/plugins/fr.ac6.mcu.externaltools.arm-none.win32_1.17.0.201812190825/tools/compiler/bin/../lib/gcc/arm-none-eabi/7.3.1/thumb/v7e-m/fpv4-sp/hard/crtbegin.o
LOAD c:/ac6/systemworkbench/plugins/fr.ac6.mcu.externaltools.arm-none.win32_1.17.0.201812190825/tools/compiler/bin/../lib/gcc/arm-none-eabi/7.3.1/../../../../arm-none-eabi/lib/thumb/v7e-m/fpv4-sp/hard/crt0.o
LOAD Core/Src/fault_library.o
LOAD Core/Src/freertos.o
LOAD Core/Src/main.o
LOAD Core/Src/stm32l4xx_hal_msp.o
LOAD Core/Src/stm32l4xx_it.o
LOAD Core/Src/syscalls.o
LOAD Core/Src/system_stm32l4xx.o
LOAD Drivers/STM32L4xx_HAL_Driver/Src/stm32l4xx_hal.o
LOAD Drivers/STM32L4xx_HAL_Driver/Src/stm32l4xx_hal_cortex.o
LOAD Drivers/STM32L4xx_HAL_Driver/Src/stm32l4xx_hal_dma.o
LOAD Drivers/STM32L4xx_HAL_Driver/Src/stm32l4xx_hal_dma_ex.o
LOAD Drivers/STM32L4xx_HAL_Driver/Src/stm32l4xx_hal_exti.o
LOAD Drivers/STM32L4xx_HAL_Driver/Src/stm32l4xx_hal_flash.o
LOAD Drivers/STM32L4xx_HAL_Driver/Src/stm32l4xx_hal_flash_ex.o
LOAD Drivers/STM32L4xx_HAL_Driver/Src/stm32l4xx_hal_flash_ramfunc.o
LOAD Drivers/STM32L4xx_HAL_Driver/Src/stm32l4xx_hal_gpio.o
LOAD Drivers/STM32L4xx_HAL_Driver/Src/stm32l4xx_hal_i2c.o
LOAD Drivers/STM32L4xx_HAL_Driver/Src/stm32l4xx_hal_i2c_ex.o
LOAD Drivers/STM32L4xx_HAL_Driver/Src/stm32l4xx_hal_pwr.o
LOAD Drivers/STM32L4xx_HAL_Driver/Src/stm32l4xx_hal_pwr_ex.o
LOAD Drivers/STM32L4xx_HAL_Driver/Src/stm32l4xx_hal_rcc.o
LOAD Drivers/STM32L4xx_HAL_Driver/Src/stm32l4xx_hal_rcc_ex.o
LOAD Drivers/STM32L4xx_HAL_Driver/Src/stm32l4xx_hal_tim.o
LOAD Drivers/STM32L4xx_HAL_Driver/Src/stm32l4xx_hal_tim_ex.o
LOAD Drivers/STM32L4xx_HAL_Driver/Src/stm32l4xx_hal_uart.o
LOAD Drivers/STM32L4xx_HAL_Driver/Src/stm32l4xx_hal_uart_ex.o
LOAD Middlewares/Third_Party/FreeRTOS/Source/CMSIS_RTOS/cmsis_os.o
LOAD Middlewares/Third_Party/FreeRTOS/Source/croutine.o
LOAD Middlewares/Third_Party/FreeRTOS/Source/event_groups.o
LOAD Middlewares/Third_Party/FreeRTOS/Source/list.o
LOAD Middlewares/Third_Party/FreeRTOS/Source/queue.o
LOAD Middlewares/Third_Party/FreeRTOS/Source/stream_buffer.o
LOAD Middlewares/Third_Party/FreeRTOS/Source/tasks.o
LOAD Middlewares/Third_Party/FreeRTOS/Source/timers.o
LOAD Middlewares/Third_Party/FreeRTOS/Source/portable/GCC/ARM_CM4F/port.o
LOAD Middlewares/Third_Party/FreeRTOS/Source/portable/MemMang/heap_4.o
LOAD startup/startup_stm32l432xx.o
LOAD c:/ac6/systemworkbench/plugins/fr.ac6.mcu.externaltools.arm-none.win32_1.17.0.201812190825/tools/compiler/bin/../lib/gcc/arm-none-eabi/7.3.1/../../../../arm-none-eabi/lib/thumb/v7e-m/fpv4-sp/hard\libm.a
START GROUP
LOAD c:/ac6/systemworkbench/plugins/fr.ac6.mcu.externaltools.arm-none.win32_1.17.0.201812190825/tools/compiler/bin/../lib/gcc/arm-none-eabi/7.3.1/thumb/v7e-m/fpv4-sp/hard\libgcc.a
LOAD c:/ac6/systemworkbench/plugins/fr.ac6.mcu.externaltools.arm-none.win32_1.17.0.201812190825/tools/compiler/bin/../lib/gcc/arm-none-eabi/7.3.1/../../../../arm-none-eabi/lib/thumb/v7e-m/fpv4-sp/hard\libc_nano.a
END GROUP
START GROUP
LOAD c:/ac6/systemworkbench/plugins/fr.ac6.mcu.externaltools.arm-none.win32_1.17.0.201812190825/tools/compiler/bin/../lib/gcc/arm-none-eabi/7.3.1/thumb/v7e-m/fpv4-sp/hard\libgcc.a
LOAD c:/ac6/systemworkbench/plugins/fr.ac6.mcu.externaltools.arm-none.win32_1.17.0.201812190825/tools/compiler/bin/../lib/gcc/arm-none-eabi/7.3.1/../../../../arm-none-eabi/lib/thumb/v7e-m/fpv4-sp/hard\libc_nano.a
LOAD c:/ac6/systemworkbench/plugins/fr.ac6.mcu.externaltools.arm-none.win32_1.17.0.201812190825/tools/compiler/bin/../lib/gcc/arm-none-eabi/7.3.1/../../../../arm-none-eabi/lib/thumb/v7e-m/fpv4-sp/hard\libnosys.a
END GROUP
START GROUP
LOAD c:/ac6/systemworkbench/plugins/fr.ac6.mcu.externaltools.arm-none.win32_1.17.0.201812190825/tools/compiler/bin/../lib/gcc/arm-none-eabi/7.3.1/thumb/v7e-m/fpv4-sp/hard\libgcc.a
LOAD c:/ac6/systemworkbench/plugins/fr.ac6.mcu.externaltools.arm-none.win32_1.17.0.201812190825/tools/compiler/bin/../lib/gcc/arm-none-eabi/7.3.1/../../../../arm-none-eabi/lib/thumb/v7e-m/fpv4-sp/hard\libc_nano.a
LOAD c:/ac6/systemworkbench/plugins/fr.ac6.mcu.externaltools.arm-none.win32_1.17.0.201812190825/tools/compiler/bin/../lib/gcc/arm-none-eabi/7.3.1/../../../../arm-none-eabi/lib/thumb/v7e-m/fpv4-sp/hard\libnosys.a
END GROUP
LOAD c:/ac6/systemworkbench/plugins/fr.ac6.mcu.externaltools.arm-none.win32_1.17.0.201812190825/tools/compiler/bin/../lib/gcc/arm-none-eabi/7.3.1/thumb/v7e-m/fpv4-sp/hard/crtend.o
LOAD c:/ac6/systemworkbench/plugins/fr.ac6.mcu.externaltools.arm-none.win32_1.17.0.201812190825/tools/compiler/bin/../lib/gcc/arm-none-eabi/7.3.1/thumb/v7e-m/fpv4-sp/hard/crtn.o
                0x20010000                _estack = 0x20010000
                0x00000200                _Min_Heap_Size = 0x200
                0x00000400                _Min_Stack_Size = 0x400

.isr_vector     0x08000000      0x190
                0x08000000                . = ALIGN (0x8)
 *(.isr_vector)
 .isr_vector    0x08000000      0x18c startup/startup_stm32l432xx.o
                0x08000000                g_pfnVectors
                0x08000190                . = ALIGN (0x8)
 *fill*         0x0800018c        0x4 

.text           0x08000190     0x2ee0
                0x08000190                . = ALIGN (0x8)
 *(.text)
 .text          0x08000190       0x40 c:/ac6/systemworkbench/plugins/fr.ac6.mcu.externaltools.arm-none.win32_1.17.0.201812190825/tools/compiler/bin/../lib/gcc/arm-none-eabi/7.3.1/thumb/v7e-m/fpv4-sp/hard/crtbegin.o
 .text          0x080001d0       0x30 c:/ac6/systemworkbench/plugins/fr.ac6.mcu.externaltools.arm-none.win32_1.17.0.201812190825/tools/compiler/bin/../lib/gcc/arm-none-eabi/7.3.1/thumb/v7e-m/fpv4-sp/hard\libgcc.a(_aeabi_uldivmod.o)
                0x080001d0                __aeabi_uldivmod
 .text          0x08000200      0x2cc c:/ac6/systemworkbench/plugins/fr.ac6.mcu.externaltools.arm-none.win32_1.17.0.201812190825/tools/compiler/bin/../lib/gcc/arm-none-eabi/7.3.1/thumb/v7e-m/fpv4-sp/hard\libgcc.a(_udivmoddi4.o)
                0x08000200                __udivmoddi4
 .text          0x080004cc        0x4 c:/ac6/systemworkbench/plugins/fr.ac6.mcu.externaltools.arm-none.win32_1.17.0.201812190825/tools/compiler/bin/../lib/gcc/arm-none-eabi/7.3.1/thumb/v7e-m/fpv4-sp/hard\libgcc.a(_dvmd_tls.o)
                0x080004cc                __aeabi_idiv0
                0x080004cc                __aeabi_ldiv0
 *(.text*)
 .text.twoBitFieldSet
                0x080004d0       0x34 Core/Src/fault_library.o
                0x080004d0                twoBitFieldSet
 .text.twoBitFieldGet
                0x08000504       0x28 Core/Src/fault_library.o
                0x08000504                twoBitFieldGet
 .text.oneBitFieldSet
                0x0800052c       0x1c Core/Src/fault_library.o
                0x0800052c                oneBitFieldSet
 .text.oneBitFieldGet
                0x08000548        0xa Core/Src/fault_library.o
                0x08000548                oneBitFieldGet
 *fill*         0x08000552        0x2 
 .text.faultLibStart
                0x08000554       0x30 Core/Src/fault_library.o
                0x08000554                faultLibStart
 .text.faultCreate
                0x08000584       0x94 Core/Src/fault_library.o
                0x08000584                faultCreate
 .text.signalFault
                0x08000618       0x14 Core/Src/fault_library.o
                0x08000618                signalFault
 .text.callTwoBitFunction
                0x0800062c       0x22 Core/Src/fault_library.o
                0x0800062c                callTwoBitFunction
 .text.callOneBitFunction
                0x0800064e       0x22 Core/Src/fault_library.o
                0x0800064e                callOneBitFunction
 .text.faultTask
                0x08000670      0x154 Core/Src/fault_library.o
                0x08000670                faultTask
 .text.handleCriticalError
                0x080007c4       0x2c Core/Src/fault_library.o
                0x080007c4                handleCriticalError
 .text.handleMediumError
                0x080007f0       0x2c Core/Src/fault_library.o
                0x080007f0                handleMediumError
 .text.handleWarningError
                0x0800081c       0x2c Core/Src/fault_library.o
                0x0800081c                handleWarningError
 .text.vApplicationGetIdleTaskMemory
                0x08000848       0x14 Core/Src/freertos.o
                0x08000848                vApplicationGetIdleTaskMemory
 .text.MX_GPIO_Init
                0x0800085c       0x9c Core/Src/main.o
 .text.MX_USART1_UART_Init
                0x080008f8       0x30 Core/Src/main.o
 .text.buttonCheckerTask
                0x08000928       0x34 Core/Src/main.o
                0x08000928                buttonCheckerTask
 .text.StartDefaultTask
                0x0800095c        0xa Core/Src/main.o
                0x0800095c                StartDefaultTask
 .text.SystemClock_Config
                0x08000966       0x76 Core/Src/main.o
                0x08000966                SystemClock_Config
 .text.main     0x080009dc       0x98 Core/Src/main.o
                0x080009dc                main
 .text.HAL_MspInit
                0x08000a74       0x30 Core/Src/stm32l4xx_hal_msp.o
                0x08000a74                HAL_MspInit
 .text.HAL_UART_MspInit
                0x08000aa4       0x68 Core/Src/stm32l4xx_hal_msp.o
                0x08000aa4                HAL_UART_MspInit
 .text.NMI_Handler
                0x08000b0c        0x2 Core/Src/stm32l4xx_it.o
                0x08000b0c                NMI_Handler
 .text.HardFault_Handler
                0x08000b0e        0x2 Core/Src/stm32l4xx_it.o
                0x08000b0e                HardFault_Handler
 .text.MemManage_Handler
                0x08000b10        0x2 Core/Src/stm32l4xx_it.o
                0x08000b10                MemManage_Handler
 .text.BusFault_Handler
                0x08000b12        0x2 Core/Src/stm32l4xx_it.o
                0x08000b12                BusFault_Handler
 .text.UsageFault_Handler
                0x08000b14        0x2 Core/Src/stm32l4xx_it.o
                0x08000b14                UsageFault_Handler
 .text.DebugMon_Handler
                0x08000b16        0x2 Core/Src/stm32l4xx_it.o
                0x08000b16                DebugMon_Handler
 .text.SysTick_Handler
                0x08000b18       0x14 Core/Src/stm32l4xx_it.o
                0x08000b18                SysTick_Handler
 .text.SystemInit
                0x08000b2c       0x48 Core/Src/system_stm32l4xx.o
                0x08000b2c                SystemInit
 .text.HAL_InitTick
                0x08000b74       0x4c Drivers/STM32L4xx_HAL_Driver/Src/stm32l4xx_hal.o
                0x08000b74                HAL_InitTick
 .text.HAL_Init
                0x08000bc0       0x1e Drivers/STM32L4xx_HAL_Driver/Src/stm32l4xx_hal.o
                0x08000bc0                HAL_Init
 *fill*         0x08000bde        0x2 
 .text.HAL_IncTick
                0x08000be0       0x18 Drivers/STM32L4xx_HAL_Driver/Src/stm32l4xx_hal.o
                0x08000be0                HAL_IncTick
 .text.HAL_GetTick
                0x08000bf8        0xc Drivers/STM32L4xx_HAL_Driver/Src/stm32l4xx_hal.o
                0x08000bf8                HAL_GetTick
 .text.HAL_NVIC_SetPriorityGrouping
                0x08000c04       0x24 Drivers/STM32L4xx_HAL_Driver/Src/stm32l4xx_hal_cortex.o
                0x08000c04                HAL_NVIC_SetPriorityGrouping
 .text.HAL_NVIC_SetPriority
                0x08000c28       0x68 Drivers/STM32L4xx_HAL_Driver/Src/stm32l4xx_hal_cortex.o
                0x08000c28                HAL_NVIC_SetPriority
 .text.HAL_SYSTICK_Config
                0x08000c90       0x2c Drivers/STM32L4xx_HAL_Driver/Src/stm32l4xx_hal_cortex.o
                0x08000c90                HAL_SYSTICK_Config
 .text.HAL_GPIO_Init
                0x08000cbc      0x180 Drivers/STM32L4xx_HAL_Driver/Src/stm32l4xx_hal_gpio.o
                0x08000cbc                HAL_GPIO_Init
 .text.HAL_GPIO_ReadPin
                0x08000e3c        0xe Drivers/STM32L4xx_HAL_Driver/Src/stm32l4xx_hal_gpio.o
                0x08000e3c                HAL_GPIO_ReadPin
 .text.HAL_GPIO_WritePin
                0x08000e4a        0xa Drivers/STM32L4xx_HAL_Driver/Src/stm32l4xx_hal_gpio.o
                0x08000e4a                HAL_GPIO_WritePin
 .text.HAL_PWREx_GetVoltageRange
                0x08000e54       0x10 Drivers/STM32L4xx_HAL_Driver/Src/stm32l4xx_hal_pwr_ex.o
                0x08000e54                HAL_PWREx_GetVoltageRange
 .text.HAL_PWREx_ControlVoltageScaling
                0x08000e64       0x90 Drivers/STM32L4xx_HAL_Driver/Src/stm32l4xx_hal_pwr_ex.o
                0x08000e64                HAL_PWREx_ControlVoltageScaling
 .text.RCC_SetFlashLatencyFromMSIRange
                0x08000ef4       0x90 Drivers/STM32L4xx_HAL_Driver/Src/stm32l4xx_hal_rcc.o
 .text.HAL_RCC_GetSysClockFreq
                0x08000f84       0xb4 Drivers/STM32L4xx_HAL_Driver/Src/stm32l4xx_hal_rcc.o
                0x08000f84                HAL_RCC_GetSysClockFreq
 .text.HAL_RCC_OscConfig
                0x08001038      0x68c Drivers/STM32L4xx_HAL_Driver/Src/stm32l4xx_hal_rcc.o
                0x08001038                HAL_RCC_OscConfig
 .text.HAL_RCC_ClockConfig
                0x080016c4      0x158 Drivers/STM32L4xx_HAL_Driver/Src/stm32l4xx_hal_rcc.o
                0x080016c4                HAL_RCC_ClockConfig
 .text.HAL_RCC_GetHCLKFreq
                0x0800181c        0xc Drivers/STM32L4xx_HAL_Driver/Src/stm32l4xx_hal_rcc.o
                0x0800181c                HAL_RCC_GetHCLKFreq
 .text.HAL_RCC_GetPCLK1Freq
                0x08001828       0x24 Drivers/STM32L4xx_HAL_Driver/Src/stm32l4xx_hal_rcc.o
                0x08001828                HAL_RCC_GetPCLK1Freq
 .text.HAL_RCC_GetPCLK2Freq
                0x0800184c       0x24 Drivers/STM32L4xx_HAL_Driver/Src/stm32l4xx_hal_rcc.o
                0x0800184c                HAL_RCC_GetPCLK2Freq
 .text.RCCEx_PLLSAI1_Config
                0x08001870      0x16c Drivers/STM32L4xx_HAL_Driver/Src/stm32l4xx_hal_rcc_ex.o
 .text.HAL_RCCEx_PeriphCLKConfig
                0x080019dc      0x2e8 Drivers/STM32L4xx_HAL_Driver/Src/stm32l4xx_hal_rcc_ex.o
                0x080019dc                HAL_RCCEx_PeriphCLKConfig
 .text.UART_SetConfig
                0x08001cc4      0x264 Drivers/STM32L4xx_HAL_Driver/Src/stm32l4xx_hal_uart.o
                0x08001cc4                UART_SetConfig
 .text.UART_AdvFeatureConfig
                0x08001f28       0xca Drivers/STM32L4xx_HAL_Driver/Src/stm32l4xx_hal_uart.o
                0x08001f28                UART_AdvFeatureConfig
 .text.UART_WaitOnFlagUntilTimeout
                0x08001ff2       0x9c Drivers/STM32L4xx_HAL_Driver/Src/stm32l4xx_hal_uart.o
                0x08001ff2                UART_WaitOnFlagUntilTimeout
 .text.UART_CheckIdleState
                0x0800208e       0x6c Drivers/STM32L4xx_HAL_Driver/Src/stm32l4xx_hal_uart.o
                0x0800208e                UART_CheckIdleState
 .text.HAL_UART_Init
                0x080020fa       0x62 Drivers/STM32L4xx_HAL_Driver/Src/stm32l4xx_hal_uart.o
                0x080020fa                HAL_UART_Init
 .text.makeFreeRtosPriority
                0x0800215c        0xc Middlewares/Third_Party/FreeRTOS/Source/CMSIS_RTOS/cmsis_os.o
 .text.osKernelStart
                0x08002168        0xa Middlewares/Third_Party/FreeRTOS/Source/CMSIS_RTOS/cmsis_os.o
                0x08002168                osKernelStart
 .text.osThreadCreate
                0x08002172       0x6c Middlewares/Third_Party/FreeRTOS/Source/CMSIS_RTOS/cmsis_os.o
                0x08002172                osThreadCreate
 .text.osDelay  0x080021de       0x12 Middlewares/Third_Party/FreeRTOS/Source/CMSIS_RTOS/cmsis_os.o
                0x080021de                osDelay
 .text.vListInitialise
                0x080021f0       0x16 Middlewares/Third_Party/FreeRTOS/Source/list.o
                0x080021f0                vListInitialise
 .text.vListInitialiseItem
                0x08002206        0x6 Middlewares/Third_Party/FreeRTOS/Source/list.o
                0x08002206                vListInitialiseItem
 .text.vListInsertEnd
                0x0800220c       0x18 Middlewares/Third_Party/FreeRTOS/Source/list.o
                0x0800220c                vListInsertEnd
 .text.vListInsert
                0x08002224       0x34 Middlewares/Third_Party/FreeRTOS/Source/list.o
                0x08002224                vListInsert
 .text.uxListRemove
                0x08002258       0x28 Middlewares/Third_Party/FreeRTOS/Source/list.o
                0x08002258                uxListRemove
 .text.prvResetNextTaskUnblockTime
                0x08002280       0x24 Middlewares/Third_Party/FreeRTOS/Source/tasks.o
 .text.prvInitialiseNewTask
                0x080022a4       0x8c Middlewares/Third_Party/FreeRTOS/Source/tasks.o
 .text.prvInitialiseTaskLists
                0x08002330       0x58 Middlewares/Third_Party/FreeRTOS/Source/tasks.o
 .text.prvAddNewTaskToReadyList
                0x08002388       0xac Middlewares/Third_Party/FreeRTOS/Source/tasks.o
 .text.prvDeleteTCB
                0x08002434       0x38 Middlewares/Third_Party/FreeRTOS/Source/tasks.o
 .text.prvCheckTasksWaitingTermination
                0x0800246c       0x44 Middlewares/Third_Party/FreeRTOS/Source/tasks.o
 .text.prvIdleTask
                0x080024b0       0x28 Middlewares/Third_Party/FreeRTOS/Source/tasks.o
 .text.prvAddCurrentTaskToDelayedList
                0x080024d8       0x88 Middlewares/Third_Party/FreeRTOS/Source/tasks.o
 .text.xTaskCreateStatic
                0x08002560       0x74 Middlewares/Third_Party/FreeRTOS/Source/tasks.o
                0x08002560                xTaskCreateStatic
 .text.xTaskCreate
                0x080025d4       0x66 Middlewares/Third_Party/FreeRTOS/Source/tasks.o
                0x080025d4                xTaskCreate
 *fill*         0x0800263a        0x2 
 .text.vTaskStartScheduler
                0x0800263c       0x64 Middlewares/Third_Party/FreeRTOS/Source/tasks.o
                0x0800263c                vTaskStartScheduler
 .text.vTaskSuspendAll
                0x080026a0       0x14 Middlewares/Third_Party/FreeRTOS/Source/tasks.o
                0x080026a0                vTaskSuspendAll
 .text.xTaskGetTickCount
                0x080026b4        0xc Middlewares/Third_Party/FreeRTOS/Source/tasks.o
                0x080026b4                xTaskGetTickCount
 .text.xTaskIncrementTick
                0x080026c0      0x10c Middlewares/Third_Party/FreeRTOS/Source/tasks.o
                0x080026c0                xTaskIncrementTick
 .text.xTaskResumeAll
                0x080027cc       0xf0 Middlewares/Third_Party/FreeRTOS/Source/tasks.o
                0x080027cc                xTaskResumeAll
 .text.vTaskDelayUntil
                0x080028bc       0xa4 Middlewares/Third_Party/FreeRTOS/Source/tasks.o
                0x080028bc                vTaskDelayUntil
 .text.vTaskDelay
                0x08002960       0x4c Middlewares/Third_Party/FreeRTOS/Source/tasks.o
                0x08002960                vTaskDelay
 .text.vTaskSwitchContext
                0x080029ac       0x90 Middlewares/Third_Party/FreeRTOS/Source/tasks.o
                0x080029ac                vTaskSwitchContext
 .text.xTaskGetSchedulerState
                0x08002a3c       0x20 Middlewares/Third_Party/FreeRTOS/Source/tasks.o
                0x08002a3c                xTaskGetSchedulerState
 .text.prvTaskExitError
                0x08002a5c       0x40 Middlewares/Third_Party/FreeRTOS/Source/portable/GCC/ARM_CM4F/port.o
 .text.prvPortStartFirstTask
                0x08002a9c       0x28 Middlewares/Third_Party/FreeRTOS/Source/portable/GCC/ARM_CM4F/port.o
 .text.vPortEnableVFP
                0x08002ac4       0x14 Middlewares/Third_Party/FreeRTOS/Source/portable/GCC/ARM_CM4F/port.o
 .text.pxPortInitialiseStack
                0x08002ad8       0x2c Middlewares/Third_Party/FreeRTOS/Source/portable/GCC/ARM_CM4F/port.o
                0x08002ad8                pxPortInitialiseStack
 *fill*         0x08002b04        0xc 
 .text.SVC_Handler
                0x08002b10       0x24 Middlewares/Third_Party/FreeRTOS/Source/portable/GCC/ARM_CM4F/port.o
                0x08002b10                SVC_Handler
 .text.vPortEnterCritical
                0x08002b34       0x44 Middlewares/Third_Party/FreeRTOS/Source/portable/GCC/ARM_CM4F/port.o
                0x08002b34                vPortEnterCritical
 .text.vPortExitCritical
                0x08002b78       0x2c Middlewares/Third_Party/FreeRTOS/Source/portable/GCC/ARM_CM4F/port.o
                0x08002b78                vPortExitCritical
 *fill*         0x08002ba4        0xc 
 .text.PendSV_Handler
                0x08002bb0       0x64 Middlewares/Third_Party/FreeRTOS/Source/portable/GCC/ARM_CM4F/port.o
                0x08002bb0                PendSV_Handler
 .text.xPortSysTickHandler
                0x08002c14       0x2c Middlewares/Third_Party/FreeRTOS/Source/portable/GCC/ARM_CM4F/port.o
                0x08002c14                xPortSysTickHandler
 .text.vPortSetupTimerInterrupt
                0x08002c40       0x38 Middlewares/Third_Party/FreeRTOS/Source/portable/GCC/ARM_CM4F/port.o
                0x08002c40                vPortSetupTimerInterrupt
 .text.xPortStartScheduler
                0x08002c78      0x108 Middlewares/Third_Party/FreeRTOS/Source/portable/GCC/ARM_CM4F/port.o
                0x08002c78                xPortStartScheduler
 .text.prvHeapInit
                0x08002d80       0x58 Middlewares/Third_Party/FreeRTOS/Source/portable/MemMang/heap_4.o
 .text.prvInsertBlockIntoFreeList
                0x08002dd8       0x58 Middlewares/Third_Party/FreeRTOS/Source/portable/MemMang/heap_4.o
 .text.pvPortMalloc
                0x08002e30      0x10c Middlewares/Third_Party/FreeRTOS/Source/portable/MemMang/heap_4.o
                0x08002e30                pvPortMalloc
 .text.vPortFree
                0x08002f3c       0x70 Middlewares/Third_Party/FreeRTOS/Source/portable/MemMang/heap_4.o
                0x08002f3c                vPortFree
 .text.Reset_Handler
                0x08002fac       0x50 startup/startup_stm32l432xx.o
                0x08002fac                Reset_Handler
 .text.Default_Handler
                0x08002ffc        0x2 startup/startup_stm32l432xx.o
                0x08002ffc                RTC_Alarm_IRQHandler
                0x08002ffc                EXTI2_IRQHandler
                0x08002ffc                TIM1_CC_IRQHandler
                0x08002ffc                TSC_IRQHandler
                0x08002ffc                TAMP_STAMP_IRQHandler
                0x08002ffc                EXTI3_IRQHandler
                0x08002ffc                LPTIM2_IRQHandler
                0x08002ffc                I2C3_ER_IRQHandler
                0x08002ffc                EXTI0_IRQHandler
                0x08002ffc                CAN1_RX0_IRQHandler
                0x08002ffc                FPU_IRQHandler
                0x08002ffc                TIM1_UP_TIM16_IRQHandler
                0x08002ffc                SPI1_IRQHandler
                0x08002ffc                TIM6_DAC_IRQHandler
                0x08002ffc                DMA2_Channel2_IRQHandler
                0x08002ffc                DMA1_Channel4_IRQHandler
                0x08002ffc                ADC1_IRQHandler
                0x08002ffc                DMA1_Channel7_IRQHandler
                0x08002ffc                CAN1_RX1_IRQHandler
                0x08002ffc                DMA2_Channel1_IRQHandler
                0x08002ffc                QUADSPI_IRQHandler
                0x08002ffc                I2C1_EV_IRQHandler
                0x08002ffc                DMA1_Channel6_IRQHandler
                0x08002ffc                DMA2_Channel4_IRQHandler
                0x08002ffc                RCC_IRQHandler
                0x08002ffc                TIM1_TRG_COM_IRQHandler
                0x08002ffc                DMA1_Channel1_IRQHandler
                0x08002ffc                Default_Handler
                0x08002ffc                DMA2_Channel7_IRQHandler
                0x08002ffc                EXTI15_10_IRQHandler
                0x08002ffc                TIM7_IRQHandler
                0x08002ffc                I2C3_EV_IRQHandler
                0x08002ffc                USB_IRQHandler
                0x08002ffc                EXTI9_5_IRQHandler
                0x08002ffc                RTC_WKUP_IRQHandler
                0x08002ffc                PVD_PVM_IRQHandler
                0x08002ffc                CAN1_TX_IRQHandler
                0x08002ffc                DMA2_Channel5_IRQHandler
                0x08002ffc                CRS_IRQHandler
                0x08002ffc                DMA1_Channel5_IRQHandler
                0x08002ffc                EXTI4_IRQHandler
                0x08002ffc                RNG_IRQHandler
                0x08002ffc                DMA1_Channel3_IRQHandler
                0x08002ffc                COMP_IRQHandler
                0x08002ffc                WWDG_IRQHandler
                0x08002ffc                LPUART1_IRQHandler
                0x08002ffc                DMA2_Channel6_IRQHandler
                0x08002ffc                TIM2_IRQHandler
                0x08002ffc                EXTI1_IRQHandler
                0x08002ffc                USART2_IRQHandler
                0x08002ffc                DMA1_Channel2_IRQHandler
                0x08002ffc                CAN1_SCE_IRQHandler
                0x08002ffc                FLASH_IRQHandler
                0x08002ffc                USART1_IRQHandler
                0x08002ffc                SPI3_IRQHandler
                0x08002ffc                I2C1_ER_IRQHandler
                0x08002ffc                SWPMI1_IRQHandler
                0x08002ffc                LPTIM1_IRQHandler
                0x08002ffc                SAI1_IRQHandler
                0x08002ffc                DMA2_Channel3_IRQHandler
                0x08002ffc                TIM1_BRK_TIM15_IRQHandler
 *fill*         0x08002ffe        0x2 
 .text.__libc_init_array
                0x08003000       0x48 c:/ac6/systemworkbench/plugins/fr.ac6.mcu.externaltools.arm-none.win32_1.17.0.201812190825/tools/compiler/bin/../lib/gcc/arm-none-eabi/7.3.1/../../../../arm-none-eabi/lib/thumb/v7e-m/fpv4-sp/hard\libc_nano.a(lib_a-init.o)
                0x08003000                __libc_init_array
 .text.memset   0x08003048       0x10 c:/ac6/systemworkbench/plugins/fr.ac6.mcu.externaltools.arm-none.win32_1.17.0.201812190825/tools/compiler/bin/../lib/gcc/arm-none-eabi/7.3.1/../../../../arm-none-eabi/lib/thumb/v7e-m/fpv4-sp/hard\libc_nano.a(lib_a-memset.o)
                0x08003048                memset
 *(.glue_7)
 .glue_7        0x08003058        0x0 linker stubs
 *(.glue_7t)
 .glue_7t       0x08003058        0x0 linker stubs
 *(.eh_frame)
 .eh_frame      0x08003058        0x0 c:/ac6/systemworkbench/plugins/fr.ac6.mcu.externaltools.arm-none.win32_1.17.0.201812190825/tools/compiler/bin/../lib/gcc/arm-none-eabi/7.3.1/thumb/v7e-m/fpv4-sp/hard/crtbegin.o
 *(.init)
 .init          0x08003058        0x4 c:/ac6/systemworkbench/plugins/fr.ac6.mcu.externaltools.arm-none.win32_1.17.0.201812190825/tools/compiler/bin/../lib/gcc/arm-none-eabi/7.3.1/thumb/v7e-m/fpv4-sp/hard/crti.o
                0x08003058                _init
 .init          0x0800305c        0x8 c:/ac6/systemworkbench/plugins/fr.ac6.mcu.externaltools.arm-none.win32_1.17.0.201812190825/tools/compiler/bin/../lib/gcc/arm-none-eabi/7.3.1/thumb/v7e-m/fpv4-sp/hard/crtn.o
 *(.fini)
 .fini          0x08003064        0x4 c:/ac6/systemworkbench/plugins/fr.ac6.mcu.externaltools.arm-none.win32_1.17.0.201812190825/tools/compiler/bin/../lib/gcc/arm-none-eabi/7.3.1/thumb/v7e-m/fpv4-sp/hard/crti.o
                0x08003064                _fini
 .fini          0x08003068        0x8 c:/ac6/systemworkbench/plugins/fr.ac6.mcu.externaltools.arm-none.win32_1.17.0.201812190825/tools/compiler/bin/../lib/gcc/arm-none-eabi/7.3.1/thumb/v7e-m/fpv4-sp/hard/crtn.o
                0x08003070                . = ALIGN (0x8)
                0x08003070                _etext = .

.vfp11_veneer   0x08003070        0x0
 .vfp11_veneer  0x08003070        0x0 linker stubs

.v4_bx          0x08003070        0x0
 .v4_bx         0x08003070        0x0 linker stubs

.iplt           0x08003070        0x0
 .iplt          0x08003070        0x0 c:/ac6/systemworkbench/plugins/fr.ac6.mcu.externaltools.arm-none.win32_1.17.0.201812190825/tools/compiler/bin/../lib/gcc/arm-none-eabi/7.3.1/thumb/v7e-m/fpv4-sp/hard/crtbegin.o

.rodata         0x08003070       0x88
                0x08003070                . = ALIGN (0x8)
 *(.rodata)
 .rodata        0x08003070       0x1c Core/Src/main.o
 .rodata        0x0800308c       0x48 Core/Src/system_stm32l4xx.o
                0x0800308c                MSIRangeTable
                0x080030bc                AHBPrescTable
                0x080030cc                APBPrescTable
 *(.rodata*)
 .rodata.str1.4
                0x080030d4        0x7 Core/Src/fault_library.o
 *fill*         0x080030db        0x1 
 .rodata.str1.4
                0x080030dc       0x14 Core/Src/main.o
 .rodata.str1.4
                0x080030f0        0x8 Middlewares/Third_Party/FreeRTOS/Source/tasks.o
                                  0x5 (size before relaxing)
                0x080030f8                . = ALIGN (0x8)

.ARM.extab      0x080030f8        0x0
                0x080030f8                . = ALIGN (0x8)
 *(.ARM.extab* .gnu.linkonce.armextab.*)
                0x080030f8                . = ALIGN (0x8)

.ARM            0x080030f8        0x8
                0x080030f8                . = ALIGN (0x8)
                0x080030f8                __exidx_start = .
 *(.ARM.exidx*)
 .ARM.exidx     0x080030f8        0x8 c:/ac6/systemworkbench/plugins/fr.ac6.mcu.externaltools.arm-none.win32_1.17.0.201812190825/tools/compiler/bin/../lib/gcc/arm-none-eabi/7.3.1/thumb/v7e-m/fpv4-sp/hard\libgcc.a(_udivmoddi4.o)
                0x08003100                __exidx_end = .
                0x08003100                . = ALIGN (0x8)

.rel.dyn        0x08003100        0x0
 .rel.iplt      0x08003100        0x0 c:/ac6/systemworkbench/plugins/fr.ac6.mcu.externaltools.arm-none.win32_1.17.0.201812190825/tools/compiler/bin/../lib/gcc/arm-none-eabi/7.3.1/thumb/v7e-m/fpv4-sp/hard/crtbegin.o

.preinit_array  0x08003100        0x0
                0x08003100                . = ALIGN (0x8)
                0x08003100                PROVIDE (__preinit_array_start = .)
 *(.preinit_array*)
                0x08003100                PROVIDE (__preinit_array_end = .)
                0x08003100                . = ALIGN (0x8)

.init_array     0x08003100        0x8
                0x08003100                . = ALIGN (0x8)
                0x08003100                PROVIDE (__init_array_start = .)
 *(SORT_BY_NAME(.init_array.*))
 *(.init_array*)
 .init_array    0x08003100        0x4 c:/ac6/systemworkbench/plugins/fr.ac6.mcu.externaltools.arm-none.win32_1.17.0.201812190825/tools/compiler/bin/../lib/gcc/arm-none-eabi/7.3.1/thumb/v7e-m/fpv4-sp/hard/crtbegin.o
                0x08003104                PROVIDE (__init_array_end = .)
                0x08003108                . = ALIGN (0x8)
 *fill*         0x08003104        0x4 

.fini_array     0x08003108        0x8
                0x08003108                . = ALIGN (0x8)
                [!provide]                PROVIDE (__fini_array_start = .)
 *(SORT_BY_NAME(.fini_array.*))
 *(.fini_array*)
 .fini_array    0x08003108        0x4 c:/ac6/systemworkbench/plugins/fr.ac6.mcu.externaltools.arm-none.win32_1.17.0.201812190825/tools/compiler/bin/../lib/gcc/arm-none-eabi/7.3.1/thumb/v7e-m/fpv4-sp/hard/crtbegin.o
                [!provide]                PROVIDE (__fini_array_end = .)
                0x08003110                . = ALIGN (0x8)
 *fill*         0x0800310c        0x4 
                0x08003110                _sidata = LOADADDR (.data)

.data           0x20000000       0x10 load address 0x08003110
                0x20000000                . = ALIGN (0x8)
                0x20000000                _sdata = .
 *(.data)
 .data          0x20000000        0x4 Core/Src/system_stm32l4xx.o
                0x20000000                SystemCoreClock
 .data          0x20000004        0x8 Drivers/STM32L4xx_HAL_Driver/Src/stm32l4xx_hal.o
                0x20000004                uwTickFreq
                0x20000008                uwTickPrio
 .data          0x2000000c        0x4 Middlewares/Third_Party/FreeRTOS/Source/portable/GCC/ARM_CM4F/port.o
 *(.data*)
                0x20000010                . = ALIGN (0x8)
                0x20000010                _edata = .

.igot.plt       0x20000010        0x0 load address 0x08003120
 .igot.plt      0x20000010        0x0 c:/ac6/systemworkbench/plugins/fr.ac6.mcu.externaltools.arm-none.win32_1.17.0.201812190825/tools/compiler/bin/../lib/gcc/arm-none-eabi/7.3.1/thumb/v7e-m/fpv4-sp/hard/crtbegin.o
                0x20000010                . = ALIGN (0x4)

.bss            0x20000010     0x1270 load address 0x08003120
                0x20000010                _sbss = .
                0x20000010                __bss_start__ = _sbss
 *(.bss)
 .bss           0x20000010       0x1c c:/ac6/systemworkbench/plugins/fr.ac6.mcu.externaltools.arm-none.win32_1.17.0.201812190825/tools/compiler/bin/../lib/gcc/arm-none-eabi/7.3.1/thumb/v7e-m/fpv4-sp/hard/crtbegin.o
 .bss           0x2000002c      0x254 Core/Src/freertos.o
 .bss           0x20000280        0x1 Core/Src/main.o
                0x20000280                bit_pos
 *fill*         0x20000281        0x3 
 .bss           0x20000284      0x128 Middlewares/Third_Party/FreeRTOS/Source/tasks.o
                0x20000384                pxCurrentTCB
 .bss           0x200003ac        0x8 Middlewares/Third_Party/FreeRTOS/Source/portable/GCC/ARM_CM4F/port.o
 .bss           0x200003b4      0xbd0 Middlewares/Third_Party/FreeRTOS/Source/portable/MemMang/heap_4.o
 *(.bss*)
 *(COMMON)
 *fill*         0x20000f84        0x4 
 COMMON         0x20000f88      0x270 Core/Src/fault_library.o
                0x20000f88                faults
 COMMON         0x200011f8       0x84 Core/Src/main.o
                0x200011f8                defaultTaskHandle
                0x200011fc                huart1
 COMMON         0x2000127c        0x4 Drivers/STM32L4xx_HAL_Driver/Src/stm32l4xx_hal.o
                0x2000127c                uwTick
                0x20001280                . = ALIGN (0x4)
                0x20001280                _ebss = .
                0x20001280                __bss_end__ = _ebss

._user_heap_stack
                0x20001280      0x600 load address 0x08003120
                0x20001280                . = ALIGN (0x8)
                0x20001280                PROVIDE (end = .)
                [!provide]                PROVIDE (_end = .)
                0x20001480                . = (. + _Min_Heap_Size)
 *fill*         0x20001280      0x200 
                0x20001880                . = (. + _Min_Stack_Size)
 *fill*         0x20001480      0x400 
                0x20001880                . = ALIGN (0x8)

/DISCARD/
 libc.a(*)
 libm.a(*)
 libgcc.a(*)

.ARM.attributes
                0x00000000       0x30
 *(.ARM.attributes)
 .ARM.attributes
                0x00000000       0x22 c:/ac6/systemworkbench/plugins/fr.ac6.mcu.externaltools.arm-none.win32_1.17.0.201812190825/tools/compiler/bin/../lib/gcc/arm-none-eabi/7.3.1/thumb/v7e-m/fpv4-sp/hard/crti.o
 .ARM.attributes
                0x00000022       0x34 c:/ac6/systemworkbench/plugins/fr.ac6.mcu.externaltools.arm-none.win32_1.17.0.201812190825/tools/compiler/bin/../lib/gcc/arm-none-eabi/7.3.1/thumb/v7e-m/fpv4-sp/hard/crtbegin.o
 .ARM.attributes
                0x00000056       0x39 Core/Src/fault_library.o
 .ARM.attributes
                0x0000008f       0x39 Core/Src/freertos.o
 .ARM.attributes
                0x000000c8       0x39 Core/Src/main.o
 .ARM.attributes
                0x00000101       0x39 Core/Src/stm32l4xx_hal_msp.o
 .ARM.attributes
                0x0000013a       0x39 Core/Src/stm32l4xx_it.o
 .ARM.attributes
                0x00000173       0x39 Core/Src/system_stm32l4xx.o
 .ARM.attributes
                0x000001ac       0x39 Drivers/STM32L4xx_HAL_Driver/Src/stm32l4xx_hal.o
 .ARM.attributes
                0x000001e5       0x39 Drivers/STM32L4xx_HAL_Driver/Src/stm32l4xx_hal_cortex.o
 .ARM.attributes
                0x0000021e       0x39 Drivers/STM32L4xx_HAL_Driver/Src/stm32l4xx_hal_gpio.o
 .ARM.attributes
                0x00000257       0x39 Drivers/STM32L4xx_HAL_Driver/Src/stm32l4xx_hal_pwr_ex.o
 .ARM.attributes
                0x00000290       0x39 Drivers/STM32L4xx_HAL_Driver/Src/stm32l4xx_hal_rcc.o
 .ARM.attributes
                0x000002c9       0x39 Drivers/STM32L4xx_HAL_Driver/Src/stm32l4xx_hal_rcc_ex.o
 .ARM.attributes
                0x00000302       0x39 Drivers/STM32L4xx_HAL_Driver/Src/stm32l4xx_hal_uart.o
 .ARM.attributes
                0x0000033b       0x39 Middlewares/Third_Party/FreeRTOS/Source/CMSIS_RTOS/cmsis_os.o
 .ARM.attributes
                0x00000374       0x39 Middlewares/Third_Party/FreeRTOS/Source/list.o
 .ARM.attributes
                0x000003ad       0x39 Middlewares/Third_Party/FreeRTOS/Source/tasks.o
 .ARM.attributes
                0x000003e6       0x39 Middlewares/Third_Party/FreeRTOS/Source/portable/GCC/ARM_CM4F/port.o
 .ARM.attributes
                0x0000041f       0x39 Middlewares/Third_Party/FreeRTOS/Source/portable/MemMang/heap_4.o
 .ARM.attributes
                0x00000458       0x21 startup/startup_stm32l432xx.o
 .ARM.attributes
                0x00000479       0x22 c:/ac6/systemworkbench/plugins/fr.ac6.mcu.externaltools.arm-none.win32_1.17.0.201812190825/tools/compiler/bin/../lib/gcc/arm-none-eabi/7.3.1/thumb/v7e-m/fpv4-sp/hard\libgcc.a(_aeabi_uldivmod.o)
 .ARM.attributes
                0x0000049b       0x34 c:/ac6/systemworkbench/plugins/fr.ac6.mcu.externaltools.arm-none.win32_1.17.0.201812190825/tools/compiler/bin/../lib/gcc/arm-none-eabi/7.3.1/thumb/v7e-m/fpv4-sp/hard\libgcc.a(_udivmoddi4.o)
 .ARM.attributes
                0x000004cf       0x22 c:/ac6/systemworkbench/plugins/fr.ac6.mcu.externaltools.arm-none.win32_1.17.0.201812190825/tools/compiler/bin/../lib/gcc/arm-none-eabi/7.3.1/thumb/v7e-m/fpv4-sp/hard\libgcc.a(_dvmd_tls.o)
 .ARM.attributes
                0x000004f1       0x34 c:/ac6/systemworkbench/plugins/fr.ac6.mcu.externaltools.arm-none.win32_1.17.0.201812190825/tools/compiler/bin/../lib/gcc/arm-none-eabi/7.3.1/../../../../arm-none-eabi/lib/thumb/v7e-m/fpv4-sp/hard\libc_nano.a(lib_a-init.o)
 .ARM.attributes
                0x00000525       0x34 c:/ac6/systemworkbench/plugins/fr.ac6.mcu.externaltools.arm-none.win32_1.17.0.201812190825/tools/compiler/bin/../lib/gcc/arm-none-eabi/7.3.1/../../../../arm-none-eabi/lib/thumb/v7e-m/fpv4-sp/hard\libc_nano.a(lib_a-memset.o)
 .ARM.attributes
                0x00000559       0x22 c:/ac6/systemworkbench/plugins/fr.ac6.mcu.externaltools.arm-none.win32_1.17.0.201812190825/tools/compiler/bin/../lib/gcc/arm-none-eabi/7.3.1/thumb/v7e-m/fpv4-sp/hard/crtn.o
OUTPUT(FaultLibrary.elf elf32-littlearm)

.debug_info     0x00000000    0x1218b
 .debug_info    0x00000000      0xc9e Core/Src/fault_library.o
 .debug_info    0x00000c9e      0x480 Core/Src/freertos.o
 .debug_info    0x0000111e     0x164f Core/Src/main.o
 .debug_info    0x0000276d      0xbf3 Core/Src/stm32l4xx_hal_msp.o
 .debug_info    0x00003360      0x37c Core/Src/stm32l4xx_it.o
 .debug_info    0x000036dc      0x73a Core/Src/system_stm32l4xx.o
 .debug_info    0x00003e16      0xb7e Drivers/STM32L4xx_HAL_Driver/Src/stm32l4xx_hal.o
 .debug_info    0x00004994     0x1053 Drivers/STM32L4xx_HAL_Driver/Src/stm32l4xx_hal_cortex.o
 .debug_info    0x000059e7      0x9ca Drivers/STM32L4xx_HAL_Driver/Src/stm32l4xx_hal_gpio.o
 .debug_info    0x000063b1      0xb4a Drivers/STM32L4xx_HAL_Driver/Src/stm32l4xx_hal_pwr_ex.o
 .debug_info    0x00006efb      0xf40 Drivers/STM32L4xx_HAL_Driver/Src/stm32l4xx_hal_rcc.o
 .debug_info    0x00007e3b     0x127d Drivers/STM32L4xx_HAL_Driver/Src/stm32l4xx_hal_rcc_ex.o
 .debug_info    0x000090b8     0x1e31 Drivers/STM32L4xx_HAL_Driver/Src/stm32l4xx_hal_uart.o
 .debug_info    0x0000aee9     0x276e Middlewares/Third_Party/FreeRTOS/Source/CMSIS_RTOS/cmsis_os.o
 .debug_info    0x0000d657      0xad8 Middlewares/Third_Party/FreeRTOS/Source/list.o
 .debug_info    0x0000e12f     0x2e5a Middlewares/Third_Party/FreeRTOS/Source/tasks.o
 .debug_info    0x00010f89      0x56f Middlewares/Third_Party/FreeRTOS/Source/portable/GCC/ARM_CM4F/port.o
 .debug_info    0x000114f8      0xc71 Middlewares/Third_Party/FreeRTOS/Source/portable/MemMang/heap_4.o
 .debug_info    0x00012169       0x22 startup/startup_stm32l432xx.o

.debug_abbrev   0x00000000     0x2916
 .debug_abbrev  0x00000000      0x256 Core/Src/fault_library.o
 .debug_abbrev  0x00000256      0x125 Core/Src/freertos.o
 .debug_abbrev  0x0000037b      0x2c4 Core/Src/main.o
 .debug_abbrev  0x0000063f      0x19c Core/Src/stm32l4xx_hal_msp.o
 .debug_abbrev  0x000007db      0x111 Core/Src/stm32l4xx_it.o
 .debug_abbrev  0x000008ec      0x150 Core/Src/system_stm32l4xx.o
 .debug_abbrev  0x00000a3c      0x209 Drivers/STM32L4xx_HAL_Driver/Src/stm32l4xx_hal.o
 .debug_abbrev  0x00000c45      0x328 Drivers/STM32L4xx_HAL_Driver/Src/stm32l4xx_hal_cortex.o
 .debug_abbrev  0x00000f6d      0x1de Drivers/STM32L4xx_HAL_Driver/Src/stm32l4xx_hal_gpio.o
 .debug_abbrev  0x0000114b      0x1f5 Drivers/STM32L4xx_HAL_Driver/Src/stm32l4xx_hal_pwr_ex.o
 .debug_abbrev  0x00001340      0x21f Drivers/STM32L4xx_HAL_Driver/Src/stm32l4xx_hal_rcc.o
 .debug_abbrev  0x0000155f      0x24c Drivers/STM32L4xx_HAL_Driver/Src/stm32l4xx_hal_rcc_ex.o
 .debug_abbrev  0x000017ab      0x24d Drivers/STM32L4xx_HAL_Driver/Src/stm32l4xx_hal_uart.o
 .debug_abbrev  0x000019f8      0x3e3 Middlewares/Third_Party/FreeRTOS/Source/CMSIS_RTOS/cmsis_os.o
 .debug_abbrev  0x00001ddb      0x223 Middlewares/Third_Party/FreeRTOS/Source/list.o
 .debug_abbrev  0x00001ffe      0x3b1 Middlewares/Third_Party/FreeRTOS/Source/tasks.o
 .debug_abbrev  0x000023af      0x23d Middlewares/Third_Party/FreeRTOS/Source/portable/GCC/ARM_CM4F/port.o
 .debug_abbrev  0x000025ec      0x318 Middlewares/Third_Party/FreeRTOS/Source/portable/MemMang/heap_4.o
 .debug_abbrev  0x00002904       0x12 startup/startup_stm32l432xx.o

.debug_loc      0x00000000     0x7542
 .debug_loc     0x00000000      0x382 Core/Src/fault_library.o
 .debug_loc     0x00000382       0x21 Core/Src/main.o
 .debug_loc     0x000003a3       0x74 Core/Src/stm32l4xx_hal_msp.o
 .debug_loc     0x00000417      0x1b8 Core/Src/system_stm32l4xx.o
 .debug_loc     0x000005cf      0x195 Drivers/STM32L4xx_HAL_Driver/Src/stm32l4xx_hal.o
 .debug_loc     0x00000764      0x5ce Drivers/STM32L4xx_HAL_Driver/Src/stm32l4xx_hal_cortex.o
 .debug_loc     0x00000d32      0x334 Drivers/STM32L4xx_HAL_Driver/Src/stm32l4xx_hal_gpio.o
 .debug_loc     0x00001066      0x648 Drivers/STM32L4xx_HAL_Driver/Src/stm32l4xx_hal_pwr_ex.o
 .debug_loc     0x000016ae      0x661 Drivers/STM32L4xx_HAL_Driver/Src/stm32l4xx_hal_rcc.o
 .debug_loc     0x00001d0f     0x1495 Drivers/STM32L4xx_HAL_Driver/Src/stm32l4xx_hal_rcc_ex.o
 .debug_loc     0x000031a4     0x183e Drivers/STM32L4xx_HAL_Driver/Src/stm32l4xx_hal_uart.o
 .debug_loc     0x000049e2      0xfad Middlewares/Third_Party/FreeRTOS/Source/CMSIS_RTOS/cmsis_os.o
 .debug_loc     0x0000598f       0x70 Middlewares/Third_Party/FreeRTOS/Source/list.o
 .debug_loc     0x000059ff     0x17d6 Middlewares/Third_Party/FreeRTOS/Source/tasks.o
 .debug_loc     0x000071d5       0xdc Middlewares/Third_Party/FreeRTOS/Source/portable/GCC/ARM_CM4F/port.o
 .debug_loc     0x000072b1      0x291 Middlewares/Third_Party/FreeRTOS/Source/portable/MemMang/heap_4.o

.debug_aranges  0x00000000      0xd10
 .debug_aranges
                0x00000000       0x80 Core/Src/fault_library.o
 .debug_aranges
                0x00000080       0x20 Core/Src/freertos.o
 .debug_aranges
                0x000000a0       0x50 Core/Src/main.o
 .debug_aranges
                0x000000f0       0x30 Core/Src/stm32l4xx_hal_msp.o
 .debug_aranges
                0x00000120       0x50 Core/Src/stm32l4xx_it.o
 .debug_aranges
                0x00000170       0x28 Core/Src/system_stm32l4xx.o
 .debug_aranges
                0x00000198      0x108 Drivers/STM32L4xx_HAL_Driver/Src/stm32l4xx_hal.o
 .debug_aranges
                0x000002a0       0xa8 Drivers/STM32L4xx_HAL_Driver/Src/stm32l4xx_hal_cortex.o
 .debug_aranges
                0x00000348       0x58 Drivers/STM32L4xx_HAL_Driver/Src/stm32l4xx_hal_gpio.o
 .debug_aranges
                0x000003a0      0x128 Drivers/STM32L4xx_HAL_Driver/Src/stm32l4xx_hal_pwr_ex.o
 .debug_aranges
                0x000004c8       0x88 Drivers/STM32L4xx_HAL_Driver/Src/stm32l4xx_hal_rcc.o
 .debug_aranges
                0x00000550       0xf0 Drivers/STM32L4xx_HAL_Driver/Src/stm32l4xx_hal_rcc_ex.o
 .debug_aranges
                0x00000640      0x210 Drivers/STM32L4xx_HAL_Driver/Src/stm32l4xx_hal_uart.o
 .debug_aranges
                0x00000850      0x1d8 Middlewares/Third_Party/FreeRTOS/Source/CMSIS_RTOS/cmsis_os.o
 .debug_aranges
                0x00000a28       0x40 Middlewares/Third_Party/FreeRTOS/Source/list.o
 .debug_aranges
                0x00000a68      0x1b0 Middlewares/Third_Party/FreeRTOS/Source/tasks.o
 .debug_aranges
                0x00000c18       0x80 Middlewares/Third_Party/FreeRTOS/Source/portable/GCC/ARM_CM4F/port.o
 .debug_aranges
                0x00000c98       0x50 Middlewares/Third_Party/FreeRTOS/Source/portable/MemMang/heap_4.o
 .debug_aranges
                0x00000ce8       0x28 startup/startup_stm32l432xx.o

.debug_ranges   0x00000000      0xd18
 .debug_ranges  0x00000000       0x88 Core/Src/fault_library.o
 .debug_ranges  0x00000088       0x10 Core/Src/freertos.o
 .debug_ranges  0x00000098       0x40 Core/Src/main.o
 .debug_ranges  0x000000d8       0x20 Core/Src/stm32l4xx_hal_msp.o
 .debug_ranges  0x000000f8       0x40 Core/Src/stm32l4xx_it.o
 .debug_ranges  0x00000138       0x18 Core/Src/system_stm32l4xx.o
 .debug_ranges  0x00000150       0xf8 Drivers/STM32L4xx_HAL_Driver/Src/stm32l4xx_hal.o
 .debug_ranges  0x00000248       0xf8 Drivers/STM32L4xx_HAL_Driver/Src/stm32l4xx_hal_cortex.o
 .debug_ranges  0x00000340       0x48 Drivers/STM32L4xx_HAL_Driver/Src/stm32l4xx_hal_gpio.o
 .debug_ranges  0x00000388      0x118 Drivers/STM32L4xx_HAL_Driver/Src/stm32l4xx_hal_pwr_ex.o
 .debug_ranges  0x000004a0       0x90 Drivers/STM32L4xx_HAL_Driver/Src/stm32l4xx_hal_rcc.o
 .debug_ranges  0x00000530       0xf8 Drivers/STM32L4xx_HAL_Driver/Src/stm32l4xx_hal_rcc_ex.o
 .debug_ranges  0x00000628      0x200 Drivers/STM32L4xx_HAL_Driver/Src/stm32l4xx_hal_uart.o
 .debug_ranges  0x00000828      0x1c8 Middlewares/Third_Party/FreeRTOS/Source/CMSIS_RTOS/cmsis_os.o
 .debug_ranges  0x000009f0       0x30 Middlewares/Third_Party/FreeRTOS/Source/list.o
 .debug_ranges  0x00000a20      0x228 Middlewares/Third_Party/FreeRTOS/Source/tasks.o
 .debug_ranges  0x00000c48       0x70 Middlewares/Third_Party/FreeRTOS/Source/portable/GCC/ARM_CM4F/port.o
 .debug_ranges  0x00000cb8       0x40 Middlewares/Third_Party/FreeRTOS/Source/portable/MemMang/heap_4.o
 .debug_ranges  0x00000cf8       0x20 startup/startup_stm32l432xx.o

.debug_macro    0x00000000    0x20be4
 .debug_macro   0x00000000      0x296 Core/Src/fault_library.o
 .debug_macro   0x00000296      0xa54 Core/Src/fault_library.o
 .debug_macro   0x00000cea      0x1a7 Core/Src/fault_library.o
 .debug_macro   0x00000e91       0x2e Core/Src/fault_library.o
 .debug_macro   0x00000ebf       0x28 Core/Src/fault_library.o
 .debug_macro   0x00000ee7       0x22 Core/Src/fault_library.o
 .debug_macro   0x00000f09       0x8e Core/Src/fault_library.o
 .debug_macro   0x00000f97       0x51 Core/Src/fault_library.o
 .debug_macro   0x00000fe8       0xef Core/Src/fault_library.o
 .debug_macro   0x000010d7       0x6a Core/Src/fault_library.o
 .debug_macro   0x00001141      0x1df Core/Src/fault_library.o
 .debug_macro   0x00001320       0x1c Core/Src/fault_library.o
 .debug_macro   0x0000133c       0x22 Core/Src/fault_library.o
 .debug_macro   0x0000135e      0x101 Core/Src/fault_library.o
 .debug_macro   0x0000145f     0x1011 Core/Src/fault_library.o
 .debug_macro   0x00002470      0x11f Core/Src/fault_library.o
 .debug_macro   0x0000258f    0x147b4 Core/Src/fault_library.o
 .debug_macro   0x00016d43       0x43 Core/Src/fault_library.o
 .debug_macro   0x00016d86     0x3890 Core/Src/fault_library.o
 .debug_macro   0x0001a616      0x174 Core/Src/fault_library.o
 .debug_macro   0x0001a78a       0x5c Core/Src/fault_library.o
 .debug_macro   0x0001a7e6     0x118b Core/Src/fault_library.o
 .debug_macro   0x0001b971      0x535 Core/Src/fault_library.o
 .debug_macro   0x0001bea6      0x13d Core/Src/fault_library.o
 .debug_macro   0x0001bfe3      0x122 Core/Src/fault_library.o
 .debug_macro   0x0001c105      0x26b Core/Src/fault_library.o
 .debug_macro   0x0001c370      0x23d Core/Src/fault_library.o
 .debug_macro   0x0001c5ad      0x241 Core/Src/fault_library.o
 .debug_macro   0x0001c7ee      0x375 Core/Src/fault_library.o
 .debug_macro   0x0001cb63       0xd6 Core/Src/fault_library.o
 .debug_macro   0x0001cc39      0x22c Core/Src/fault_library.o
 .debug_macro   0x0001ce65       0x61 Core/Src/fault_library.o
 .debug_macro   0x0001cec6       0xa5 Core/Src/fault_library.o
 .debug_macro   0x0001cf6b      0x122 Core/Src/fault_library.o
 .debug_macro   0x0001d08d      0x357 Core/Src/fault_library.o
 .debug_macro   0x0001d3e4      0x59e Core/Src/fault_library.o
 .debug_macro   0x0001d982       0x44 Core/Src/fault_library.o
 .debug_macro   0x0001d9c6      0x221 Core/Src/fault_library.o
 .debug_macro   0x0001dbe7       0x34 Core/Src/fault_library.o
 .debug_macro   0x0001dc1b       0xe4 Core/Src/fault_library.o
 .debug_macro   0x0001dcff      0x15a Core/Src/fault_library.o
 .debug_macro   0x0001de59       0xde Core/Src/fault_library.o
 .debug_macro   0x0001df37       0x1c Core/Src/fault_library.o
 .debug_macro   0x0001df53       0x26 Core/Src/fault_library.o
 .debug_macro   0x0001df79      0x4e8 Core/Src/fault_library.o
 .debug_macro   0x0001e461       0xb5 Core/Src/fault_library.o
 .debug_macro   0x0001e516       0xaa Core/Src/fault_library.o
 .debug_macro   0x0001e5c0       0x91 Core/Src/fault_library.o
 .debug_macro   0x0001e651       0x8d Core/Src/fault_library.o
 .debug_macro   0x0001e6de       0x7e Core/Src/fault_library.o
 .debug_macro   0x0001e75c       0x19 Core/Src/fault_library.o
 .debug_macro   0x0001e775       0xf2 Core/Src/fault_library.o
 .debug_macro   0x0001e867       0x1c Core/Src/fault_library.o
 .debug_macro   0x0001e883      0x23c Core/Src/freertos.o
 .debug_macro   0x0001eabf       0xe4 Core/Src/freertos.o
 .debug_macro   0x0001eba3      0x29e Core/Src/main.o
 .debug_macro   0x0001ee41      0x1d4 Core/Src/stm32l4xx_hal_msp.o
 .debug_macro   0x0001f015      0x246 Core/Src/stm32l4xx_it.o
 .debug_macro   0x0001f25b      0x1cb Core/Src/system_stm32l4xx.o
 .debug_macro   0x0001f426      0x20d Drivers/STM32L4xx_HAL_Driver/Src/stm32l4xx_hal.o
 .debug_macro   0x0001f633      0x1c5 Drivers/STM32L4xx_HAL_Driver/Src/stm32l4xx_hal_cortex.o
 .debug_macro   0x0001f7f8      0x204 Drivers/STM32L4xx_HAL_Driver/Src/stm32l4xx_hal_gpio.o
 .debug_macro   0x0001f9fc      0x1e9 Drivers/STM32L4xx_HAL_Driver/Src/stm32l4xx_hal_pwr_ex.o
 .debug_macro   0x0001fbe5      0x207 Drivers/STM32L4xx_HAL_Driver/Src/stm32l4xx_hal_rcc.o
 .debug_macro   0x0001fdec      0x1fb Drivers/STM32L4xx_HAL_Driver/Src/stm32l4xx_hal_rcc_ex.o
 .debug_macro   0x0001ffe7      0x1f0 Drivers/STM32L4xx_HAL_Driver/Src/stm32l4xx_hal_uart.o
 .debug_macro   0x000201d7      0x1ec Middlewares/Third_Party/FreeRTOS/Source/CMSIS_RTOS/cmsis_os.o
 .debug_macro   0x000203c3       0x10 Middlewares/Third_Party/FreeRTOS/Source/CMSIS_RTOS/cmsis_os.o
 .debug_macro   0x000203d3       0xe9 Middlewares/Third_Party/FreeRTOS/Source/CMSIS_RTOS/cmsis_os.o
 .debug_macro   0x000204bc      0x17a Middlewares/Third_Party/FreeRTOS/Source/list.o
 .debug_macro   0x00020636      0x267 Middlewares/Third_Party/FreeRTOS/Source/tasks.o
 .debug_macro   0x0002089d       0x10 Middlewares/Third_Party/FreeRTOS/Source/tasks.o
 .debug_macro   0x000208ad      0x196 Middlewares/Third_Party/FreeRTOS/Source/portable/GCC/ARM_CM4F/port.o
 .debug_macro   0x00020a43      0x1a1 Middlewares/Third_Party/FreeRTOS/Source/portable/MemMang/heap_4.o

.debug_line     0x00000000     0xb18a
 .debug_line    0x00000000      0xa5a Core/Src/fault_library.o
 .debug_line    0x00000a5a      0x865 Core/Src/freertos.o
 .debug_line    0x000012bf      0x9e3 Core/Src/main.o
 .debug_line    0x00001ca2      0x73d Core/Src/stm32l4xx_hal_msp.o
 .debug_line    0x000023df      0x8de Core/Src/stm32l4xx_it.o
 .debug_line    0x00002cbd      0x73d Core/Src/system_stm32l4xx.o
 .debug_line    0x000033fa      0x947 Drivers/STM32L4xx_HAL_Driver/Src/stm32l4xx_hal.o
 .debug_line    0x00003d41      0x955 Drivers/STM32L4xx_HAL_Driver/Src/stm32l4xx_hal_cortex.o
 .debug_line    0x00004696      0x84f Drivers/STM32L4xx_HAL_Driver/Src/stm32l4xx_hal_gpio.o
 .debug_line    0x00004ee5      0xa97 Drivers/STM32L4xx_HAL_Driver/Src/stm32l4xx_hal_pwr_ex.o
 .debug_line    0x0000597c      0xaba Drivers/STM32L4xx_HAL_Driver/Src/stm32l4xx_hal_rcc.o
 .debug_line    0x00006436      0xc96 Drivers/STM32L4xx_HAL_Driver/Src/stm32l4xx_hal_rcc_ex.o
 .debug_line    0x000070cc     0x129b Drivers/STM32L4xx_HAL_Driver/Src/stm32l4xx_hal_uart.o
 .debug_line    0x00008367      0xc2d Middlewares/Third_Party/FreeRTOS/Source/CMSIS_RTOS/cmsis_os.o
 .debug_line    0x00008f94      0x592 Middlewares/Third_Party/FreeRTOS/Source/list.o
 .debug_line    0x00009526      0xf54 Middlewares/Third_Party/FreeRTOS/Source/tasks.o
 .debug_line    0x0000a47a      0x649 Middlewares/Third_Party/FreeRTOS/Source/portable/GCC/ARM_CM4F/port.o
 .debug_line    0x0000aac3      0x647 Middlewares/Third_Party/FreeRTOS/Source/portable/MemMang/heap_4.o
 .debug_line    0x0000b10a       0x80 startup/startup_stm32l432xx.o

.debug_str      0x00000000    0xc7e1b
 .debug_str     0x00000000    0xbf9de Core/Src/fault_library.o
                              0xbfcc8 (size before relaxing)
 .debug_str     0x000bf9de      0x144 Core/Src/freertos.o
                              0xbd809 (size before relaxing)
 .debug_str     0x000bfb22      0xa57 Core/Src/main.o
                              0xc06ae (size before relaxing)
 .debug_str     0x000c0579       0x66 Core/Src/stm32l4xx_hal_msp.o
                              0xb9f54 (size before relaxing)
 .debug_str     0x000c05df       0xd9 Core/Src/stm32l4xx_it.o
                              0xbd790 (size before relaxing)
 .debug_str     0x000c06b8       0xcd Core/Src/system_stm32l4xx.o
                              0xb9add (size before relaxing)
 .debug_str     0x000c0785      0x890 Drivers/STM32L4xx_HAL_Driver/Src/stm32l4xx_hal.o
                              0xba400 (size before relaxing)
 .debug_str     0x000c1015      0x33b Drivers/STM32L4xx_HAL_Driver/Src/stm32l4xx_hal_cortex.o
                              0xba218 (size before relaxing)
 .debug_str     0x000c1350      0x1f5 Drivers/STM32L4xx_HAL_Driver/Src/stm32l4xx_hal_gpio.o
                              0xb9d57 (size before relaxing)
 .debug_str     0x000c1545      0x44e Drivers/STM32L4xx_HAL_Driver/Src/stm32l4xx_hal_pwr_ex.o
                              0xb9f94 (size before relaxing)
 .debug_str     0x000c1993      0x36f Drivers/STM32L4xx_HAL_Driver/Src/stm32l4xx_hal_rcc.o
                              0xba09a (size before relaxing)
 .debug_str     0x000c1d02      0x553 Drivers/STM32L4xx_HAL_Driver/Src/stm32l4xx_hal_rcc_ex.o
                              0xba360 (size before relaxing)
 .debug_str     0x000c2255      0x879 Drivers/STM32L4xx_HAL_Driver/Src/stm32l4xx_hal_uart.o
                              0xba73d (size before relaxing)
 .debug_str     0x000c2ace     0x361b Middlewares/Third_Party/FreeRTOS/Source/CMSIS_RTOS/cmsis_os.o
                               0xe0a3 (size before relaxing)
 .debug_str     0x000c60e9      0x219 Middlewares/Third_Party/FreeRTOS/Source/list.o
                               0xa36a (size before relaxing)
 .debug_str     0x000c6302     0x1124 Middlewares/Third_Party/FreeRTOS/Source/tasks.o
                               0xc67b (size before relaxing)
 .debug_str     0x000c7426      0x783 Middlewares/Third_Party/FreeRTOS/Source/portable/GCC/ARM_CM4F/port.o
                               0x852e (size before relaxing)
 .debug_str     0x000c7ba9      0x243 Middlewares/Third_Party/FreeRTOS/Source/portable/MemMang/heap_4.o
                               0xab7c (size before relaxing)
 .debug_str     0x000c7dec       0x2f startup/startup_stm32l432xx.o
                                 0x6b (size before relaxing)

.comment        0x00000000       0x7f
 .comment       0x00000000       0x7f Core/Src/fault_library.o
                                 0x80 (size before relaxing)
 .comment       0x0000007f       0x80 Core/Src/freertos.o
 .comment       0x0000007f       0x80 Core/Src/main.o
 .comment       0x0000007f       0x80 Core/Src/stm32l4xx_hal_msp.o
 .comment       0x0000007f       0x80 Core/Src/stm32l4xx_it.o
 .comment       0x0000007f       0x80 Core/Src/system_stm32l4xx.o
 .comment       0x0000007f       0x80 Drivers/STM32L4xx_HAL_Driver/Src/stm32l4xx_hal.o
 .comment       0x0000007f       0x80 Drivers/STM32L4xx_HAL_Driver/Src/stm32l4xx_hal_cortex.o
 .comment       0x0000007f       0x80 Drivers/STM32L4xx_HAL_Driver/Src/stm32l4xx_hal_gpio.o
 .comment       0x0000007f       0x80 Drivers/STM32L4xx_HAL_Driver/Src/stm32l4xx_hal_pwr_ex.o
 .comment       0x0000007f       0x80 Drivers/STM32L4xx_HAL_Driver/Src/stm32l4xx_hal_rcc.o
 .comment       0x0000007f       0x80 Drivers/STM32L4xx_HAL_Driver/Src/stm32l4xx_hal_rcc_ex.o
 .comment       0x0000007f       0x80 Drivers/STM32L4xx_HAL_Driver/Src/stm32l4xx_hal_uart.o
 .comment       0x0000007f       0x80 Middlewares/Third_Party/FreeRTOS/Source/CMSIS_RTOS/cmsis_os.o
 .comment       0x0000007f       0x80 Middlewares/Third_Party/FreeRTOS/Source/list.o
 .comment       0x0000007f       0x80 Middlewares/Third_Party/FreeRTOS/Source/tasks.o
 .comment       0x0000007f       0x80 Middlewares/Third_Party/FreeRTOS/Source/portable/GCC/ARM_CM4F/port.o
 .comment       0x0000007f       0x80 Middlewares/Third_Party/FreeRTOS/Source/portable/MemMang/heap_4.o

.debug_frame    0x00000000     0x2144
 .debug_frame   0x00000000      0x16c Core/Src/fault_library.o
 .debug_frame   0x0000016c       0x20 Core/Src/freertos.o
 .debug_frame   0x0000018c       0xc4 Core/Src/main.o
 .debug_frame   0x00000250       0x60 Core/Src/stm32l4xx_hal_msp.o
 .debug_frame   0x000002b0       0x88 Core/Src/stm32l4xx_it.o
 .debug_frame   0x00000338       0x30 Core/Src/system_stm32l4xx.o
 .debug_frame   0x00000368      0x21c Drivers/STM32L4xx_HAL_Driver/Src/stm32l4xx_hal.o
 .debug_frame   0x00000584      0x15c Drivers/STM32L4xx_HAL_Driver/Src/stm32l4xx_hal_cortex.o
 .debug_frame   0x000006e0       0xd0 Drivers/STM32L4xx_HAL_Driver/Src/stm32l4xx_hal_gpio.o
 .debug_frame   0x000007b0      0x248 Drivers/STM32L4xx_HAL_Driver/Src/stm32l4xx_hal_pwr_ex.o
 .debug_frame   0x000009f8      0x18c Drivers/STM32L4xx_HAL_Driver/Src/stm32l4xx_hal_rcc.o
 .debug_frame   0x00000b84      0x248 Drivers/STM32L4xx_HAL_Driver/Src/stm32l4xx_hal_rcc_ex.o
 .debug_frame   0x00000dcc      0x5ac Drivers/STM32L4xx_HAL_Driver/Src/stm32l4xx_hal_uart.o
 .debug_frame   0x00001378      0x5a0 Middlewares/Third_Party/FreeRTOS/Source/CMSIS_RTOS/cmsis_os.o
 .debug_frame   0x00001918       0x6c Middlewares/Third_Party/FreeRTOS/Source/list.o
 .debug_frame   0x00001984      0x568 Middlewares/Third_Party/FreeRTOS/Source/tasks.o
 .debug_frame   0x00001eec      0x100 Middlewares/Third_Party/FreeRTOS/Source/portable/GCC/ARM_CM4F/port.o
 .debug_frame   0x00001fec       0xac Middlewares/Third_Party/FreeRTOS/Source/portable/MemMang/heap_4.o
 .debug_frame   0x00002098       0x2c c:/ac6/systemworkbench/plugins/fr.ac6.mcu.externaltools.arm-none.win32_1.17.0.201812190825/tools/compiler/bin/../lib/gcc/arm-none-eabi/7.3.1/thumb/v7e-m/fpv4-sp/hard\libgcc.a(_aeabi_uldivmod.o)
 .debug_frame   0x000020c4       0x34 c:/ac6/systemworkbench/plugins/fr.ac6.mcu.externaltools.arm-none.win32_1.17.0.201812190825/tools/compiler/bin/../lib/gcc/arm-none-eabi/7.3.1/thumb/v7e-m/fpv4-sp/hard\libgcc.a(_udivmoddi4.o)
 .debug_frame   0x000020f8       0x2c c:/ac6/systemworkbench/plugins/fr.ac6.mcu.externaltools.arm-none.win32_1.17.0.201812190825/tools/compiler/bin/../lib/gcc/arm-none-eabi/7.3.1/../../../../arm-none-eabi/lib/thumb/v7e-m/fpv4-sp/hard\libc_nano.a(lib_a-init.o)
 .debug_frame   0x00002124       0x20 c:/ac6/systemworkbench/plugins/fr.ac6.mcu.externaltools.arm-none.win32_1.17.0.201812190825/tools/compiler/bin/../lib/gcc/arm-none-eabi/7.3.1/../../../../arm-none-eabi/lib/thumb/v7e-m/fpv4-sp/hard\libc_nano.a(lib_a-memset.o)
