Archive member included to satisfy reference by file (symbol)

c:/ac6/systemworkbench/plugins/fr.ac6.mcu.externaltools.arm-none.win32_1.17.0.201812190825/tools/compiler/bin/../lib/gcc/arm-none-eabi/7.3.1/thumb/v7e-m/fpv4-sp/hard\libgcc.a(_aeabi_uldivmod.o)
                              Drivers/STM32L4xx_HAL_Driver/Src/stm32l4xx_hal_uart.o (__aeabi_uldivmod)
c:/ac6/systemworkbench/plugins/fr.ac6.mcu.externaltools.arm-none.win32_1.17.0.201812190825/tools/compiler/bin/../lib/gcc/arm-none-eabi/7.3.1/thumb/v7e-m/fpv4-sp/hard\libgcc.a(_udivmoddi4.o)
                              c:/ac6/systemworkbench/plugins/fr.ac6.mcu.externaltools.arm-none.win32_1.17.0.201812190825/tools/compiler/bin/../lib/gcc/arm-none-eabi/7.3.1/thumb/v7e-m/fpv4-sp/hard\libgcc.a(_aeabi_uldivmod.o) (__udivmoddi4)
c:/ac6/systemworkbench/plugins/fr.ac6.mcu.externaltools.arm-none.win32_1.17.0.201812190825/tools/compiler/bin/../lib/gcc/arm-none-eabi/7.3.1/thumb/v7e-m/fpv4-sp/hard\libgcc.a(_dvmd_tls.o)
                              c:/ac6/systemworkbench/plugins/fr.ac6.mcu.externaltools.arm-none.win32_1.17.0.201812190825/tools/compiler/bin/../lib/gcc/arm-none-eabi/7.3.1/thumb/v7e-m/fpv4-sp/hard\libgcc.a(_aeabi_uldivmod.o) (__aeabi_ldiv0)
c:/ac6/systemworkbench/plugins/fr.ac6.mcu.externaltools.arm-none.win32_1.17.0.201812190825/tools/compiler/bin/../lib/gcc/arm-none-eabi/7.3.1/../../../../arm-none-eabi/lib/thumb/v7e-m/fpv4-sp/hard\libc_nano.a(lib_a-errno.o)
                              Core/Src/syscalls.o (__errno)
c:/ac6/systemworkbench/plugins/fr.ac6.mcu.externaltools.arm-none.win32_1.17.0.201812190825/tools/compiler/bin/../lib/gcc/arm-none-eabi/7.3.1/../../../../arm-none-eabi/lib/thumb/v7e-m/fpv4-sp/hard\libc_nano.a(lib_a-exit.o)
                              c:/ac6/systemworkbench/plugins/fr.ac6.mcu.externaltools.arm-none.win32_1.17.0.201812190825/tools/compiler/bin/../lib/gcc/arm-none-eabi/7.3.1/../../../../arm-none-eabi/lib/thumb/v7e-m/fpv4-sp/hard/crt0.o (exit)
c:/ac6/systemworkbench/plugins/fr.ac6.mcu.externaltools.arm-none.win32_1.17.0.201812190825/tools/compiler/bin/../lib/gcc/arm-none-eabi/7.3.1/../../../../arm-none-eabi/lib/thumb/v7e-m/fpv4-sp/hard\libc_nano.a(lib_a-impure.o)
                              c:/ac6/systemworkbench/plugins/fr.ac6.mcu.externaltools.arm-none.win32_1.17.0.201812190825/tools/compiler/bin/../lib/gcc/arm-none-eabi/7.3.1/../../../../arm-none-eabi/lib/thumb/v7e-m/fpv4-sp/hard\libc_nano.a(lib_a-exit.o) (_global_impure_ptr)
c:/ac6/systemworkbench/plugins/fr.ac6.mcu.externaltools.arm-none.win32_1.17.0.201812190825/tools/compiler/bin/../lib/gcc/arm-none-eabi/7.3.1/../../../../arm-none-eabi/lib/thumb/v7e-m/fpv4-sp/hard\libc_nano.a(lib_a-init.o)
                              c:/ac6/systemworkbench/plugins/fr.ac6.mcu.externaltools.arm-none.win32_1.17.0.201812190825/tools/compiler/bin/../lib/gcc/arm-none-eabi/7.3.1/../../../../arm-none-eabi/lib/thumb/v7e-m/fpv4-sp/hard/crt0.o (__libc_init_array)
c:/ac6/systemworkbench/plugins/fr.ac6.mcu.externaltools.arm-none.win32_1.17.0.201812190825/tools/compiler/bin/../lib/gcc/arm-none-eabi/7.3.1/../../../../arm-none-eabi/lib/thumb/v7e-m/fpv4-sp/hard\libc_nano.a(lib_a-memcpy-stub.o)
                              Core/Src/main.o (memcpy)
c:/ac6/systemworkbench/plugins/fr.ac6.mcu.externaltools.arm-none.win32_1.17.0.201812190825/tools/compiler/bin/../lib/gcc/arm-none-eabi/7.3.1/../../../../arm-none-eabi/lib/thumb/v7e-m/fpv4-sp/hard\libc_nano.a(lib_a-memset.o)
                              c:/ac6/systemworkbench/plugins/fr.ac6.mcu.externaltools.arm-none.win32_1.17.0.201812190825/tools/compiler/bin/../lib/gcc/arm-none-eabi/7.3.1/../../../../arm-none-eabi/lib/thumb/v7e-m/fpv4-sp/hard/crt0.o (memset)
c:/ac6/systemworkbench/plugins/fr.ac6.mcu.externaltools.arm-none.win32_1.17.0.201812190825/tools/compiler/bin/../lib/gcc/arm-none-eabi/7.3.1/../../../../arm-none-eabi/lib/thumb/v7e-m/fpv4-sp/hard\libc_nano.a(lib_a-strcpy.o)
                              Core/Src/eeprom.o (strcpy)
c:/ac6/systemworkbench/plugins/fr.ac6.mcu.externaltools.arm-none.win32_1.17.0.201812190825/tools/compiler/bin/../lib/gcc/arm-none-eabi/7.3.1/../../../../arm-none-eabi/lib/thumb/v7e-m/fpv4-sp/hard\libc_nano.a(lib_a-strncmp.o)
                              Core/Src/eeprom.o (strncmp)

Allocating common symbols
Common symbol       size              file

hi2c3               0x4c              Core/Src/main.o
i2c01               0x4               Core/Src/eeprom.o
loop                0x4               Core/Src/main.o
uwTick              0x4               Drivers/STM32L4xx_HAL_Driver/Src/stm32l4xx_hal.o
g_eeprom_size       0x2               Core/Src/eeprom.o
huart1              0x80              Core/Src/main.o
faults              0xa0              Core/Src/fault_library.o
run                 0x1               Core/Src/main.o
g_device_addr       0x1               Core/Src/eeprom.o
g_numStructs        0x1               Core/Src/eeprom.o
ret                 0x1               Core/Src/eeprom.o
[...]
Memory Configuration

Name             Origin             Length             Attributes
RAM              0x20000000         0x00010000         xrw
FLASH            0x08000000         0x00040000         xr
*default*        0x00000000         0xffffffff

Linker script and memory map

LOAD c:/ac6/systemworkbench/plugins/fr.ac6.mcu.externaltools.arm-none.win32_1.17.0.201812190825/tools/compiler/bin/../lib/gcc/arm-none-eabi/7.3.1/thumb/v7e-m/fpv4-sp/hard/crti.o
LOAD c:/ac6/systemworkbench/plugins/fr.ac6.mcu.externaltools.arm-none.win32_1.17.0.201812190825/tools/compiler/bin/../lib/gcc/arm-none-eabi/7.3.1/thumb/v7e-m/fpv4-sp/hard/crtbegin.o
LOAD c:/ac6/systemworkbench/plugins/fr.ac6.mcu.externaltools.arm-none.win32_1.17.0.201812190825/tools/compiler/bin/../lib/gcc/arm-none-eabi/7.3.1/../../../../arm-none-eabi/lib/thumb/v7e-m/fpv4-sp/hard/crt0.o
LOAD Core/Src/eeprom.o
LOAD Core/Src/fault_library.o
LOAD Core/Src/fault_test.o
LOAD Core/Src/main.o
LOAD Core/Src/stm32l4xx_hal_msp.o
LOAD Core/Src/stm32l4xx_it.o
LOAD Core/Src/syscalls.o
LOAD Core/Src/system_stm32l4xx.o
LOAD Drivers/STM32L4xx_HAL_Driver/Src/stm32l4xx_hal.o
LOAD Drivers/STM32L4xx_HAL_Driver/Src/stm32l4xx_hal_cortex.o
LOAD Drivers/STM32L4xx_HAL_Driver/Src/stm32l4xx_hal_dma.o
LOAD Drivers/STM32L4xx_HAL_Driver/Src/stm32l4xx_hal_dma_ex.o
LOAD Drivers/STM32L4xx_HAL_Driver/Src/stm32l4xx_hal_exti.o
LOAD Drivers/STM32L4xx_HAL_Driver/Src/stm32l4xx_hal_flash.o
LOAD Drivers/STM32L4xx_HAL_Driver/Src/stm32l4xx_hal_flash_ex.o
LOAD Drivers/STM32L4xx_HAL_Driver/Src/stm32l4xx_hal_flash_ramfunc.o
LOAD Drivers/STM32L4xx_HAL_Driver/Src/stm32l4xx_hal_gpio.o
LOAD Drivers/STM32L4xx_HAL_Driver/Src/stm32l4xx_hal_i2c.o
LOAD Drivers/STM32L4xx_HAL_Driver/Src/stm32l4xx_hal_i2c_ex.o
LOAD Drivers/STM32L4xx_HAL_Driver/Src/stm32l4xx_hal_pwr.o
LOAD Drivers/STM32L4xx_HAL_Driver/Src/stm32l4xx_hal_pwr_ex.o
LOAD Drivers/STM32L4xx_HAL_Driver/Src/stm32l4xx_hal_rcc.o
LOAD Drivers/STM32L4xx_HAL_Driver/Src/stm32l4xx_hal_rcc_ex.o
LOAD Drivers/STM32L4xx_HAL_Driver/Src/stm32l4xx_hal_tim.o
LOAD Drivers/STM32L4xx_HAL_Driver/Src/stm32l4xx_hal_tim_ex.o
LOAD Drivers/STM32L4xx_HAL_Driver/Src/stm32l4xx_hal_uart.o
LOAD Drivers/STM32L4xx_HAL_Driver/Src/stm32l4xx_hal_uart_ex.o
LOAD startup/startup_stm32l432xx.o
LOAD c:/ac6/systemworkbench/plugins/fr.ac6.mcu.externaltools.arm-none.win32_1.17.0.201812190825/tools/compiler/bin/../lib/gcc/arm-none-eabi/7.3.1/../../../../arm-none-eabi/lib/thumb/v7e-m/fpv4-sp/hard\libm.a
START GROUP
LOAD c:/ac6/systemworkbench/plugins/fr.ac6.mcu.externaltools.arm-none.win32_1.17.0.201812190825/tools/compiler/bin/../lib/gcc/arm-none-eabi/7.3.1/thumb/v7e-m/fpv4-sp/hard\libgcc.a
LOAD c:/ac6/systemworkbench/plugins/fr.ac6.mcu.externaltools.arm-none.win32_1.17.0.201812190825/tools/compiler/bin/../lib/gcc/arm-none-eabi/7.3.1/../../../../arm-none-eabi/lib/thumb/v7e-m/fpv4-sp/hard\libc_nano.a
END GROUP
START GROUP
LOAD c:/ac6/systemworkbench/plugins/fr.ac6.mcu.externaltools.arm-none.win32_1.17.0.201812190825/tools/compiler/bin/../lib/gcc/arm-none-eabi/7.3.1/thumb/v7e-m/fpv4-sp/hard\libgcc.a
LOAD c:/ac6/systemworkbench/plugins/fr.ac6.mcu.externaltools.arm-none.win32_1.17.0.201812190825/tools/compiler/bin/../lib/gcc/arm-none-eabi/7.3.1/../../../../arm-none-eabi/lib/thumb/v7e-m/fpv4-sp/hard\libc_nano.a
LOAD c:/ac6/systemworkbench/plugins/fr.ac6.mcu.externaltools.arm-none.win32_1.17.0.201812190825/tools/compiler/bin/../lib/gcc/arm-none-eabi/7.3.1/../../../../arm-none-eabi/lib/thumb/v7e-m/fpv4-sp/hard\libnosys.a
END GROUP
START GROUP
LOAD c:/ac6/systemworkbench/plugins/fr.ac6.mcu.externaltools.arm-none.win32_1.17.0.201812190825/tools/compiler/bin/../lib/gcc/arm-none-eabi/7.3.1/thumb/v7e-m/fpv4-sp/hard\libgcc.a
LOAD c:/ac6/systemworkbench/plugins/fr.ac6.mcu.externaltools.arm-none.win32_1.17.0.201812190825/tools/compiler/bin/../lib/gcc/arm-none-eabi/7.3.1/../../../../arm-none-eabi/lib/thumb/v7e-m/fpv4-sp/hard\libc_nano.a
LOAD c:/ac6/systemworkbench/plugins/fr.ac6.mcu.externaltools.arm-none.win32_1.17.0.201812190825/tools/compiler/bin/../lib/gcc/arm-none-eabi/7.3.1/../../../../arm-none-eabi/lib/thumb/v7e-m/fpv4-sp/hard\libnosys.a
END GROUP
LOAD c:/ac6/systemworkbench/plugins/fr.ac6.mcu.externaltools.arm-none.win32_1.17.0.201812190825/tools/compiler/bin/../lib/gcc/arm-none-eabi/7.3.1/thumb/v7e-m/fpv4-sp/hard/crtend.o
LOAD c:/ac6/systemworkbench/plugins/fr.ac6.mcu.externaltools.arm-none.win32_1.17.0.201812190825/tools/compiler/bin/../lib/gcc/arm-none-eabi/7.3.1/thumb/v7e-m/fpv4-sp/hard/crtn.o
                0x20010000                _estack = 0x20010000
                0x00000200                _Min_Heap_Size = 0x200
                0x00000400                _Min_Stack_Size = 0x400

.isr_vector     0x08000000      0x190
                0x08000000                . = ALIGN (0x8)
 *(.isr_vector)
 .isr_vector    0x08000000      0x18c startup/startup_stm32l432xx.o
                0x08000000                g_pfnVectors
                0x08000190                . = ALIGN (0x8)
 *fill*         0x0800018c        0x4 

.text           0x08000190     0x3490
                0x08000190                . = ALIGN (0x8)
 *(.text)
 .text          0x08000190       0x40 c:/ac6/systemworkbench/plugins/fr.ac6.mcu.externaltools.arm-none.win32_1.17.0.201812190825/tools/compiler/bin/../lib/gcc/arm-none-eabi/7.3.1/thumb/v7e-m/fpv4-sp/hard/crtbegin.o
 .text          0x080001d0       0x30 c:/ac6/systemworkbench/plugins/fr.ac6.mcu.externaltools.arm-none.win32_1.17.0.201812190825/tools/compiler/bin/../lib/gcc/arm-none-eabi/7.3.1/thumb/v7e-m/fpv4-sp/hard\libgcc.a(_aeabi_uldivmod.o)
                0x080001d0                __aeabi_uldivmod
 .text          0x08000200      0x2cc c:/ac6/systemworkbench/plugins/fr.ac6.mcu.externaltools.arm-none.win32_1.17.0.201812190825/tools/compiler/bin/../lib/gcc/arm-none-eabi/7.3.1/thumb/v7e-m/fpv4-sp/hard\libgcc.a(_udivmoddi4.o)
                0x08000200                __udivmoddi4
 .text          0x080004cc        0x4 c:/ac6/systemworkbench/plugins/fr.ac6.mcu.externaltools.arm-none.win32_1.17.0.201812190825/tools/compiler/bin/../lib/gcc/arm-none-eabi/7.3.1/thumb/v7e-m/fpv4-sp/hard\libgcc.a(_dvmd_tls.o)
                0x080004cc                __aeabi_idiv0
                0x080004cc                __aeabi_ldiv0
 *(.text*)
 .text.findHeader
                0x080004d0       0x40 Core/Src/eeprom.o
                0x080004d0                findHeader
 .text.sortHeaders
                0x08000510       0x84 Core/Src/eeprom.o
                0x08000510                sortHeaders
 .text.spaceAvailable
                0x08000594       0x48 Core/Src/eeprom.o
                0x08000594                spaceAvailable
 .text.splitVersion
                0x080005dc       0x10 Core/Src/eeprom.o
                0x080005dc                splitVersion
 .text.combineVersion
                0x080005ec        0xe Core/Src/eeprom.o
                0x080005ec                combineVersion
 .text.errorFound
                0x080005fa        0x8 Core/Src/eeprom.o
                0x080005fa                errorFound
 *fill*         0x08000602        0x2 
 .text.setAddress
                0x08000604       0x5c Core/Src/eeprom.o
                0x08000604                setAddress
 .text.readByte
                0x08000660       0x50 Core/Src/eeprom.o
                0x08000660                readByte
 .text.downloadChunk
                0x080006b0       0x4c Core/Src/eeprom.o
                0x080006b0                downloadChunk
 .text.eepromDump
                0x080006fc       0x50 Core/Src/eeprom.o
                0x080006fc                eepromDump
 .text.loadHeaderEntries
                0x0800074c       0x30 Core/Src/eeprom.o
                0x0800074c                loadHeaderEntries
 .text.eepromInitialize
                0x0800077c       0x34 Core/Src/eeprom.o
                0x0800077c                eepromInitialize
 .text.eepromLoadStruct
                0x080007b0       0x4c Core/Src/eeprom.o
                0x080007b0                eepromLoadStruct
 .text.uploadByte
                0x080007fc       0x5c Core/Src/eeprom.o
                0x080007fc                uploadByte
 .text.eUploadRaw
                0x08000858       0x58 Core/Src/eeprom.o
                0x08000858                eUploadRaw
 .text.uploadChunk
                0x080008b0       0x5e Core/Src/eeprom.o
                0x080008b0                uploadChunk
 *fill*         0x0800090e        0x2 
 .text.removeFromEeprom
                0x08000910       0x70 Core/Src/eeprom.o
                0x08000910                removeFromEeprom
 .text.eepromCleanHeaders
                0x08000980       0x70 Core/Src/eeprom.o
                0x08000980                eepromCleanHeaders
 .text.eepromSaveStruct
                0x080009f0       0x4c Core/Src/eeprom.o
                0x080009f0                eepromSaveStruct
 .text.updateHeaderEntry
                0x08000a3c       0x4c Core/Src/eeprom.o
                0x08000a3c                updateHeaderEntry
 .text.eepromMalloc
                0x08000a88       0xac Core/Src/eeprom.o
                0x08000a88                eepromMalloc
 .text.addHeaderEntry
                0x08000b34       0x44 Core/Src/eeprom.o
                0x08000b34                addHeaderEntry
 .text.eepromLinkStruct
                0x08000b78      0x10c Core/Src/eeprom.o
                0x08000b78                eepromLinkStruct
 .text.faultLibInitialize
                0x08000c84       0x2c Core/Src/fault_library.o
                0x08000c84                faultLibInitialize
 .text.faultLibShutdown
                0x08000cb0       0x10 Core/Src/fault_library.o
                0x08000cb0                faultLibShutdown
 .text.callFunction
                0x08000cc0        0xc Core/Src/fault_library.o
                0x08000cc0                callFunction
 .text.getFaultSet
                0x08000ccc       0x14 Core/Src/fault_library.o
                0x08000ccc                getFaultSet
 .text.getFaultSignal
                0x08000ce0       0x14 Core/Src/fault_library.o
                0x08000ce0                getFaultSignal
 .text.getHistoricOverriding
                0x08000cf4       0x24 Core/Src/fault_library.o
                0x08000cf4                getHistoricOverriding
 .text.getCriticality
                0x08000d18       0x30 Core/Src/fault_library.o
                0x08000d18                getCriticality
 .text.getFaultEnabled
                0x08000d48       0x14 Core/Src/fault_library.o
                0x08000d48                getFaultEnabled
 .text.signalFault
                0x08000d5c       0x14 Core/Src/fault_library.o
                0x08000d5c                signalFault
 .text.setFault
                0x08000d70       0x24 Core/Src/fault_library.o
                0x08000d70                setFault
 .text.setHistoric
                0x08000d94       0x24 Core/Src/fault_library.o
                0x08000d94                setHistoric
 .text.handleWarningFault
                0x08000db8        0x2 Core/Src/fault_library.o
                0x08000db8                handleWarningFault
 *fill*         0x08000dba        0x2 
 .text.faultLibUpdate
                0x08000dbc      0x1f0 Core/Src/fault_library.o
                0x08000dbc                faultLibUpdate
 .text.setLightRed
                0x08000fac       0x2c Core/Src/fault_test.o
                0x08000fac                setLightRed
 .text.setLightBlue
                0x08000fd8       0x2c Core/Src/fault_test.o
                0x08000fd8                setLightBlue
 .text.setLightGreen
                0x08001004       0x2c Core/Src/fault_test.o
                0x08001004                setLightGreen
 .text.setLightOff
                0x08001030       0x2c Core/Src/fault_test.o
                0x08001030                setLightOff
 .text.MX_GPIO_Init
                0x0800105c       0x9c Core/Src/main.o
 .text.MX_USART1_UART_Init
                0x080010f8       0x30 Core/Src/main.o
 .text.MX_I2C3_Init
                0x08001128       0x44 Core/Src/main.o
 .text.TIM2_IRQHandler
                0x0800116c       0x24 Core/Src/main.o
                0x0800116c                TIM2_IRQHandler
 .text.handleCriticalFault
                0x08001190        0x8 Core/Src/main.o
                0x08001190                handleCriticalFault
 .text.handleErrorFault
                0x08001198        0x8 Core/Src/main.o
                0x08001198                handleErrorFault
 .text.SystemClock_Config
                0x080011a0       0x7c Core/Src/main.o
                0x080011a0                SystemClock_Config
 .text.buttonCheckerTask
                0x0800121c       0x7c Core/Src/main.o
                0x0800121c                buttonCheckerTask
 .text.main     0x08001298       0xec Core/Src/main.o
                0x08001298                main
 .text.HAL_MspInit
                0x08001384       0x30 Core/Src/stm32l4xx_hal_msp.o
                0x08001384                HAL_MspInit
 .text.HAL_I2C_MspInit
                0x080013b4       0xa0 Core/Src/stm32l4xx_hal_msp.o
                0x080013b4                HAL_I2C_MspInit
 .text.HAL_UART_MspInit
                0x08001454       0x68 Core/Src/stm32l4xx_hal_msp.o
                0x08001454                HAL_UART_MspInit
 .text.NMI_Handler
                0x080014bc        0x2 Core/Src/stm32l4xx_it.o
                0x080014bc                NMI_Handler
 .text.HardFault_Handler
                0x080014be        0x2 Core/Src/stm32l4xx_it.o
                0x080014be                HardFault_Handler
 .text.MemManage_Handler
                0x080014c0        0x2 Core/Src/stm32l4xx_it.o
                0x080014c0                MemManage_Handler
 .text.BusFault_Handler
                0x080014c2        0x2 Core/Src/stm32l4xx_it.o
                0x080014c2                BusFault_Handler
 .text.UsageFault_Handler
                0x080014c4        0x2 Core/Src/stm32l4xx_it.o
                0x080014c4                UsageFault_Handler
 .text.SVC_Handler
                0x080014c6        0x2 Core/Src/stm32l4xx_it.o
                0x080014c6                SVC_Handler
 .text.DebugMon_Handler
                0x080014c8        0x2 Core/Src/stm32l4xx_it.o
                0x080014c8                DebugMon_Handler
 .text.PendSV_Handler
                0x080014ca        0x2 Core/Src/stm32l4xx_it.o
                0x080014ca                PendSV_Handler
 .text.SysTick_Handler
                0x080014cc        0x8 Core/Src/stm32l4xx_it.o
                0x080014cc                SysTick_Handler
 .text.SystemInit
                0x080014d4       0x48 Core/Src/system_stm32l4xx.o
                0x080014d4                SystemInit
 .text.HAL_InitTick
                0x0800151c       0x4c Drivers/STM32L4xx_HAL_Driver/Src/stm32l4xx_hal.o
                0x0800151c                HAL_InitTick
 .text.HAL_Init
                0x08001568       0x1e Drivers/STM32L4xx_HAL_Driver/Src/stm32l4xx_hal.o
                0x08001568                HAL_Init
 *fill*         0x08001586        0x2 
 .text.HAL_IncTick
                0x08001588       0x18 Drivers/STM32L4xx_HAL_Driver/Src/stm32l4xx_hal.o
                0x08001588                HAL_IncTick
 .text.HAL_GetTick
                0x080015a0        0xc Drivers/STM32L4xx_HAL_Driver/Src/stm32l4xx_hal.o
                0x080015a0                HAL_GetTick
 .text.HAL_Delay
                0x080015ac       0x28 Drivers/STM32L4xx_HAL_Driver/Src/stm32l4xx_hal.o
                0x080015ac                HAL_Delay
 .text.HAL_NVIC_SetPriorityGrouping
                0x080015d4       0x24 Drivers/STM32L4xx_HAL_Driver/Src/stm32l4xx_hal_cortex.o
                0x080015d4                HAL_NVIC_SetPriorityGrouping
 .text.HAL_NVIC_SetPriority
                0x080015f8       0x68 Drivers/STM32L4xx_HAL_Driver/Src/stm32l4xx_hal_cortex.o
                0x080015f8                HAL_NVIC_SetPriority
 .text.HAL_SYSTICK_Config
                0x08001660       0x2c Drivers/STM32L4xx_HAL_Driver/Src/stm32l4xx_hal_cortex.o
                0x08001660                HAL_SYSTICK_Config
 .text.HAL_GPIO_Init
                0x0800168c      0x180 Drivers/STM32L4xx_HAL_Driver/Src/stm32l4xx_hal_gpio.o
                0x0800168c                HAL_GPIO_Init
 .text.HAL_GPIO_ReadPin
                0x0800180c        0xe Drivers/STM32L4xx_HAL_Driver/Src/stm32l4xx_hal_gpio.o
                0x0800180c                HAL_GPIO_ReadPin
 .text.HAL_GPIO_WritePin
                0x0800181a        0xa Drivers/STM32L4xx_HAL_Driver/Src/stm32l4xx_hal_gpio.o
                0x0800181a                HAL_GPIO_WritePin
 .text.HAL_GPIO_TogglePin
                0x08001824       0x12 Drivers/STM32L4xx_HAL_Driver/Src/stm32l4xx_hal_gpio.o
                0x08001824                HAL_GPIO_TogglePin
 .text.I2C_Flush_TXDR
                0x08001836       0x22 Drivers/STM32L4xx_HAL_Driver/Src/stm32l4xx_hal_i2c.o
 .text.I2C_TransferConfig
                0x08001858       0x36 Drivers/STM32L4xx_HAL_Driver/Src/stm32l4xx_hal_i2c.o
 .text.I2C_IsAcknowledgeFailed
                0x0800188e       0x90 Drivers/STM32L4xx_HAL_Driver/Src/stm32l4xx_hal_i2c.o
 .text.I2C_WaitOnTXISFlagUntilTimeout
                0x0800191e       0x56 Drivers/STM32L4xx_HAL_Driver/Src/stm32l4xx_hal_i2c.o
 .text.I2C_WaitOnFlagUntilTimeout
                0x08001974       0x52 Drivers/STM32L4xx_HAL_Driver/Src/stm32l4xx_hal_i2c.o
 *fill*         0x080019c6        0x2 
 .text.I2C_RequestMemoryWrite
                0x080019c8       0x70 Drivers/STM32L4xx_HAL_Driver/Src/stm32l4xx_hal_i2c.o
 .text.I2C_WaitOnSTOPFlagUntilTimeout
                0x08001a38       0x50 Drivers/STM32L4xx_HAL_Driver/Src/stm32l4xx_hal_i2c.o
 .text.I2C_WaitOnRXNEFlagUntilTimeout
                0x08001a88       0x98 Drivers/STM32L4xx_HAL_Driver/Src/stm32l4xx_hal_i2c.o
 .text.HAL_I2C_Init
                0x08001b20       0xbc Drivers/STM32L4xx_HAL_Driver/Src/stm32l4xx_hal_i2c.o
                0x08001b20                HAL_I2C_Init
 .text.HAL_I2C_Master_Transmit
                0x08001bdc      0x17c Drivers/STM32L4xx_HAL_Driver/Src/stm32l4xx_hal_i2c.o
                0x08001bdc                HAL_I2C_Master_Transmit
 .text.HAL_I2C_Master_Receive
                0x08001d58      0x17c Drivers/STM32L4xx_HAL_Driver/Src/stm32l4xx_hal_i2c.o
                0x08001d58                HAL_I2C_Master_Receive
 .text.HAL_I2C_Mem_Write
                0x08001ed4      0x1a4 Drivers/STM32L4xx_HAL_Driver/Src/stm32l4xx_hal_i2c.o
                0x08001ed4                HAL_I2C_Mem_Write
 .text.HAL_I2CEx_ConfigAnalogFilter
                0x08002078       0x5c Drivers/STM32L4xx_HAL_Driver/Src/stm32l4xx_hal_i2c_ex.o
                0x08002078                HAL_I2CEx_ConfigAnalogFilter
 .text.HAL_I2CEx_ConfigDigitalFilter
                0x080020d4       0x58 Drivers/STM32L4xx_HAL_Driver/Src/stm32l4xx_hal_i2c_ex.o
                0x080020d4                HAL_I2CEx_ConfigDigitalFilter
 .text.HAL_PWREx_GetVoltageRange
                0x0800212c       0x10 Drivers/STM32L4xx_HAL_Driver/Src/stm32l4xx_hal_pwr_ex.o
                0x0800212c                HAL_PWREx_GetVoltageRange
 .text.HAL_PWREx_ControlVoltageScaling
                0x0800213c       0x90 Drivers/STM32L4xx_HAL_Driver/Src/stm32l4xx_hal_pwr_ex.o
                0x0800213c                HAL_PWREx_ControlVoltageScaling
 .text.RCC_SetFlashLatencyFromMSIRange
                0x080021cc       0x90 Drivers/STM32L4xx_HAL_Driver/Src/stm32l4xx_hal_rcc.o
 .text.HAL_RCC_GetSysClockFreq
                0x0800225c       0xb4 Drivers/STM32L4xx_HAL_Driver/Src/stm32l4xx_hal_rcc.o
                0x0800225c                HAL_RCC_GetSysClockFreq
 .text.HAL_RCC_OscConfig
                0x08002310      0x68c Drivers/STM32L4xx_HAL_Driver/Src/stm32l4xx_hal_rcc.o
                0x08002310                HAL_RCC_OscConfig
 .text.HAL_RCC_ClockConfig
                0x0800299c      0x158 Drivers/STM32L4xx_HAL_Driver/Src/stm32l4xx_hal_rcc.o
                0x0800299c                HAL_RCC_ClockConfig
 .text.HAL_RCC_GetHCLKFreq
                0x08002af4        0xc Drivers/STM32L4xx_HAL_Driver/Src/stm32l4xx_hal_rcc.o
                0x08002af4                HAL_RCC_GetHCLKFreq
 .text.HAL_RCC_GetPCLK1Freq
                0x08002b00       0x24 Drivers/STM32L4xx_HAL_Driver/Src/stm32l4xx_hal_rcc.o
                0x08002b00                HAL_RCC_GetPCLK1Freq
 .text.HAL_RCC_GetPCLK2Freq
                0x08002b24       0x24 Drivers/STM32L4xx_HAL_Driver/Src/stm32l4xx_hal_rcc.o
                0x08002b24                HAL_RCC_GetPCLK2Freq
 .text.RCCEx_PLLSAI1_Config
                0x08002b48      0x16c Drivers/STM32L4xx_HAL_Driver/Src/stm32l4xx_hal_rcc_ex.o
 .text.HAL_RCCEx_PeriphCLKConfig
                0x08002cb4      0x2e8 Drivers/STM32L4xx_HAL_Driver/Src/stm32l4xx_hal_rcc_ex.o
                0x08002cb4                HAL_RCCEx_PeriphCLKConfig
 .text.UART_SetConfig
                0x08002f9c      0x264 Drivers/STM32L4xx_HAL_Driver/Src/stm32l4xx_hal_uart.o
                0x08002f9c                UART_SetConfig
 .text.UART_AdvFeatureConfig
                0x08003200       0xca Drivers/STM32L4xx_HAL_Driver/Src/stm32l4xx_hal_uart.o
                0x08003200                UART_AdvFeatureConfig
 .text.UART_WaitOnFlagUntilTimeout
                0x080032ca       0x9c Drivers/STM32L4xx_HAL_Driver/Src/stm32l4xx_hal_uart.o
                0x080032ca                UART_WaitOnFlagUntilTimeout
 .text.HAL_UART_Transmit
                0x08003366       0xd8 Drivers/STM32L4xx_HAL_Driver/Src/stm32l4xx_hal_uart.o
                0x08003366                HAL_UART_Transmit
 .text.UART_CheckIdleState
                0x0800343e       0x6c Drivers/STM32L4xx_HAL_Driver/Src/stm32l4xx_hal_uart.o
                0x0800343e                UART_CheckIdleState
 .text.HAL_UART_Init
                0x080034aa       0x62 Drivers/STM32L4xx_HAL_Driver/Src/stm32l4xx_hal_uart.o
                0x080034aa                HAL_UART_Init
 .text.Reset_Handler
                0x0800350c       0x50 startup/startup_stm32l432xx.o
                0x0800350c                Reset_Handler
 .text.Default_Handler
                0x0800355c        0x2 startup/startup_stm32l432xx.o
                0x0800355c                RTC_Alarm_IRQHandler
                0x0800355c                EXTI2_IRQHandler
                0x0800355c                TIM1_CC_IRQHandler
                0x0800355c                TSC_IRQHandler
                0x0800355c                TAMP_STAMP_IRQHandler
                0x0800355c                EXTI3_IRQHandler
                0x0800355c                LPTIM2_IRQHandler
                0x0800355c                I2C3_ER_IRQHandler
                0x0800355c                EXTI0_IRQHandler
                0x0800355c                CAN1_RX0_IRQHandler
                0x0800355c                FPU_IRQHandler
                0x0800355c                TIM1_UP_TIM16_IRQHandler
                0x0800355c                SPI1_IRQHandler
                0x0800355c                TIM6_DAC_IRQHandler
                0x0800355c                DMA2_Channel2_IRQHandler
                0x0800355c                DMA1_Channel4_IRQHandler
                0x0800355c                ADC1_IRQHandler
                0x0800355c                DMA1_Channel7_IRQHandler
                0x0800355c                CAN1_RX1_IRQHandler
                0x0800355c                DMA2_Channel1_IRQHandler
                0x0800355c                QUADSPI_IRQHandler
                0x0800355c                I2C1_EV_IRQHandler
                0x0800355c                DMA1_Channel6_IRQHandler
                0x0800355c                DMA2_Channel4_IRQHandler
                0x0800355c                RCC_IRQHandler
                0x0800355c                TIM1_TRG_COM_IRQHandler
                0x0800355c                DMA1_Channel1_IRQHandler
                0x0800355c                Default_Handler
                0x0800355c                DMA2_Channel7_IRQHandler
                0x0800355c                EXTI15_10_IRQHandler
                0x0800355c                TIM7_IRQHandler
                0x0800355c                I2C3_EV_IRQHandler
                0x0800355c                USB_IRQHandler
                0x0800355c                EXTI9_5_IRQHandler
                0x0800355c                RTC_WKUP_IRQHandler
                0x0800355c                PVD_PVM_IRQHandler
                0x0800355c                CAN1_TX_IRQHandler
                0x0800355c                DMA2_Channel5_IRQHandler
                0x0800355c                CRS_IRQHandler
                0x0800355c                DMA1_Channel5_IRQHandler
                0x0800355c                EXTI4_IRQHandler
                0x0800355c                RNG_IRQHandler
                0x0800355c                DMA1_Channel3_IRQHandler
                0x0800355c                COMP_IRQHandler
                0x0800355c                WWDG_IRQHandler
                0x0800355c                LPUART1_IRQHandler
                0x0800355c                DMA2_Channel6_IRQHandler
                0x0800355c                EXTI1_IRQHandler
                0x0800355c                USART2_IRQHandler
                0x0800355c                DMA1_Channel2_IRQHandler
                0x0800355c                CAN1_SCE_IRQHandler
                0x0800355c                FLASH_IRQHandler
                0x0800355c                USART1_IRQHandler
                0x0800355c                SPI3_IRQHandler
                0x0800355c                I2C1_ER_IRQHandler
                0x0800355c                SWPMI1_IRQHandler
                0x0800355c                LPTIM1_IRQHandler
                0x0800355c                SAI1_IRQHandler
                0x0800355c                DMA2_Channel3_IRQHandler
                0x0800355c                TIM1_BRK_TIM15_IRQHandler
 *fill*         0x0800355e        0x2 
 .text.__libc_init_array
                0x08003560       0x48 c:/ac6/systemworkbench/plugins/fr.ac6.mcu.externaltools.arm-none.win32_1.17.0.201812190825/tools/compiler/bin/../lib/gcc/arm-none-eabi/7.3.1/../../../../arm-none-eabi/lib/thumb/v7e-m/fpv4-sp/hard\libc_nano.a(lib_a-init.o)
                0x08003560                __libc_init_array
 .text.memcpy   0x080035a8       0x16 c:/ac6/systemworkbench/plugins/fr.ac6.mcu.externaltools.arm-none.win32_1.17.0.201812190825/tools/compiler/bin/../lib/gcc/arm-none-eabi/7.3.1/../../../../arm-none-eabi/lib/thumb/v7e-m/fpv4-sp/hard\libc_nano.a(lib_a-memcpy-stub.o)
                0x080035a8                memcpy
 .text.memset   0x080035be       0x10 c:/ac6/systemworkbench/plugins/fr.ac6.mcu.externaltools.arm-none.win32_1.17.0.201812190825/tools/compiler/bin/../lib/gcc/arm-none-eabi/7.3.1/../../../../arm-none-eabi/lib/thumb/v7e-m/fpv4-sp/hard\libc_nano.a(lib_a-memset.o)
                0x080035be                memset
 .text.strcpy   0x080035ce       0x10 c:/ac6/systemworkbench/plugins/fr.ac6.mcu.externaltools.arm-none.win32_1.17.0.201812190825/tools/compiler/bin/../lib/gcc/arm-none-eabi/7.3.1/../../../../arm-none-eabi/lib/thumb/v7e-m/fpv4-sp/hard\libc_nano.a(lib_a-strcpy.o)
                0x080035ce                strcpy
 .text.strncmp  0x080035de       0x24 c:/ac6/systemworkbench/plugins/fr.ac6.mcu.externaltools.arm-none.win32_1.17.0.201812190825/tools/compiler/bin/../lib/gcc/arm-none-eabi/7.3.1/../../../../arm-none-eabi/lib/thumb/v7e-m/fpv4-sp/hard\libc_nano.a(lib_a-strncmp.o)
                0x080035de                strncmp
 *(.glue_7)
 .glue_7        0x08003602        0x0 linker stubs
 *(.glue_7t)
 .glue_7t       0x08003602        0x0 linker stubs
 *(.eh_frame)
 *fill*         0x08003602        0x2 
 .eh_frame      0x08003604        0x0 c:/ac6/systemworkbench/plugins/fr.ac6.mcu.externaltools.arm-none.win32_1.17.0.201812190825/tools/compiler/bin/../lib/gcc/arm-none-eabi/7.3.1/thumb/v7e-m/fpv4-sp/hard/crtbegin.o
 *(.init)
 .init          0x08003604        0x4 c:/ac6/systemworkbench/plugins/fr.ac6.mcu.externaltools.arm-none.win32_1.17.0.201812190825/tools/compiler/bin/../lib/gcc/arm-none-eabi/7.3.1/thumb/v7e-m/fpv4-sp/hard/crti.o
                0x08003604                _init
 .init          0x08003608        0x8 c:/ac6/systemworkbench/plugins/fr.ac6.mcu.externaltools.arm-none.win32_1.17.0.201812190825/tools/compiler/bin/../lib/gcc/arm-none-eabi/7.3.1/thumb/v7e-m/fpv4-sp/hard/crtn.o
 *(.fini)
 .fini          0x08003610        0x4 c:/ac6/systemworkbench/plugins/fr.ac6.mcu.externaltools.arm-none.win32_1.17.0.201812190825/tools/compiler/bin/../lib/gcc/arm-none-eabi/7.3.1/thumb/v7e-m/fpv4-sp/hard/crti.o
                0x08003610                _fini
 .fini          0x08003614        0x8 c:/ac6/systemworkbench/plugins/fr.ac6.mcu.externaltools.arm-none.win32_1.17.0.201812190825/tools/compiler/bin/../lib/gcc/arm-none-eabi/7.3.1/thumb/v7e-m/fpv4-sp/hard/crtn.o
                0x08003620                . = ALIGN (0x8)
 *fill*         0x0800361c        0x4 
                0x08003620                _etext = .

.vfp11_veneer   0x08003620        0x0
 .vfp11_veneer  0x08003620        0x0 linker stubs

.v4_bx          0x08003620        0x0
 .v4_bx         0x08003620        0x0 linker stubs

.iplt           0x08003620        0x0
 .iplt          0x08003620        0x0 c:/ac6/systemworkbench/plugins/fr.ac6.mcu.externaltools.arm-none.win32_1.17.0.201812190825/tools/compiler/bin/../lib/gcc/arm-none-eabi/7.3.1/thumb/v7e-m/fpv4-sp/hard/crtbegin.o

.rodata         0x08003620       0xf0
                0x08003620                . = ALIGN (0x8)
 *(.rodata)
 .rodata        0x08003620       0xa0 Core/Src/fault_library.o
                0x08003620                fall_threshold
                0x08003660                signal_period
                0x08003680                rise_threshold
 .rodata        0x080036c0       0x48 Core/Src/system_stm32l4xx.o
                0x080036c0                MSIRangeTable
                0x080036f0                AHBPrescTable
                0x08003700                APBPrescTable
 *(.rodata*)
 .rodata.str1.4
                0x08003708        0x4 Core/Src/fault_library.o
 .rodata.str1.4
                0x0800370c        0x4 Core/Src/main.o
                0x08003710                . = ALIGN (0x8)
 *fill*         0x0800370c        0x4 

.ARM.extab      0x08003710        0x0
                0x08003710                . = ALIGN (0x8)
 *(.ARM.extab* .gnu.linkonce.armextab.*)
                0x08003710                . = ALIGN (0x8)

.ARM            0x08003710        0x8
                0x08003710                . = ALIGN (0x8)
                0x08003710                __exidx_start = .
 *(.ARM.exidx*)
 .ARM.exidx     0x08003710        0x8 c:/ac6/systemworkbench/plugins/fr.ac6.mcu.externaltools.arm-none.win32_1.17.0.201812190825/tools/compiler/bin/../lib/gcc/arm-none-eabi/7.3.1/thumb/v7e-m/fpv4-sp/hard\libgcc.a(_udivmoddi4.o)
                0x08003718                __exidx_end = .
                0x08003718                . = ALIGN (0x8)

.rel.dyn        0x08003718        0x0
 .rel.iplt      0x08003718        0x0 c:/ac6/systemworkbench/plugins/fr.ac6.mcu.externaltools.arm-none.win32_1.17.0.201812190825/tools/compiler/bin/../lib/gcc/arm-none-eabi/7.3.1/thumb/v7e-m/fpv4-sp/hard/crtbegin.o

.preinit_array  0x08003718        0x0
                0x08003718                . = ALIGN (0x8)
                0x08003718                PROVIDE (__preinit_array_start = .)
 *(.preinit_array*)
                0x08003718                PROVIDE (__preinit_array_end = .)
                0x08003718                . = ALIGN (0x8)

.init_array     0x08003718        0x8
                0x08003718                . = ALIGN (0x8)
                0x08003718                PROVIDE (__init_array_start = .)
 *(SORT_BY_NAME(.init_array.*))
 *(.init_array*)
 .init_array    0x08003718        0x4 c:/ac6/systemworkbench/plugins/fr.ac6.mcu.externaltools.arm-none.win32_1.17.0.201812190825/tools/compiler/bin/../lib/gcc/arm-none-eabi/7.3.1/thumb/v7e-m/fpv4-sp/hard/crtbegin.o
                0x0800371c                PROVIDE (__init_array_end = .)
                0x08003720                . = ALIGN (0x8)
 *fill*         0x0800371c        0x4 

.fini_array     0x08003720        0x8
                0x08003720                . = ALIGN (0x8)
                [!provide]                PROVIDE (__fini_array_start = .)
 *(SORT_BY_NAME(.fini_array.*))
 *(.fini_array*)
 .fini_array    0x08003720        0x4 c:/ac6/systemworkbench/plugins/fr.ac6.mcu.externaltools.arm-none.win32_1.17.0.201812190825/tools/compiler/bin/../lib/gcc/arm-none-eabi/7.3.1/thumb/v7e-m/fpv4-sp/hard/crtbegin.o
                [!provide]                PROVIDE (__fini_array_end = .)
                0x08003728                . = ALIGN (0x8)
 *fill*         0x08003724        0x4 
                0x08003728                _sidata = LOADADDR (.data)

.data           0x20000000      0x110 load address 0x08003728
                0x20000000                . = ALIGN (0x8)
                0x20000000                _sdata = .
 *(.data)
 .data          0x20000000      0x100 Core/Src/fault_library.o
                0x20000000                off_handler
                0x20000080                set_handler
 .data          0x20000100        0x4 Core/Src/system_stm32l4xx.o
                0x20000100                SystemCoreClock
 .data          0x20000104        0x8 Drivers/STM32L4xx_HAL_Driver/Src/stm32l4xx_hal.o
                0x20000104                uwTickFreq
                0x20000108                uwTickPrio
 *(.data*)
                0x20000110                . = ALIGN (0x8)
 *fill*         0x2000010c        0x4 
                0x20000110                _edata = .

.igot.plt       0x20000110        0x0 load address 0x08003838
 .igot.plt      0x20000110        0x0 c:/ac6/systemworkbench/plugins/fr.ac6.mcu.externaltools.arm-none.win32_1.17.0.201812190825/tools/compiler/bin/../lib/gcc/arm-none-eabi/7.3.1/thumb/v7e-m/fpv4-sp/hard/crtbegin.o
                0x20000110                . = ALIGN (0x4)

.bss            0x20000110      0x318 load address 0x08003838
                0x20000110                _sbss = .
                0x20000110                __bss_start__ = _sbss
 *(.bss)
 .bss           0x20000110       0x1c c:/ac6/systemworkbench/plugins/fr.ac6.mcu.externaltools.arm-none.win32_1.17.0.201812190825/tools/compiler/bin/../lib/gcc/arm-none-eabi/7.3.1/thumb/v7e-m/fpv4-sp/hard/crtbegin.o
 .bss           0x2000012c       0xf0 Core/Src/eeprom.o
                0x2000012c                g_headers
 .bss           0x2000021c       0x80 Core/Src/fault_library.o
                0x2000021c                cont_handler
 *(.bss*)
 *(COMMON)
 COMMON         0x2000029c       0x10 Core/Src/eeprom.o
                0x2000029c                i2c01
                0x200002a0                g_eeprom_size
                0x200002a2                g_device_addr
                0x200002a3                g_numStructs
                0x200002a4                ret
                0x200002a8                g_write_data
 *fill*         0x200002ac        0x4 
 COMMON         0x200002b0       0xa0 Core/Src/fault_library.o
                0x200002b0                faults
 COMMON         0x20000350       0xd1 Core/Src/main.o
                0x20000350                hi2c3
                0x2000039c                loop
                0x200003a0                huart1
                0x20000420                run
 *fill*         0x20000421        0x3 
 COMMON         0x20000424        0x4 Drivers/STM32L4xx_HAL_Driver/Src/stm32l4xx_hal.o
                0x20000424                uwTick
                0x20000428                . = ALIGN (0x4)
                0x20000428                _ebss = .
                0x20000428                __bss_end__ = _ebss

._user_heap_stack
                0x20000428      0x600 load address 0x08003838
                0x20000428                . = ALIGN (0x8)
                0x20000428                PROVIDE (end = .)
                [!provide]                PROVIDE (_end = .)
                0x20000628                . = (. + _Min_Heap_Size)
 *fill*         0x20000428      0x200 
                0x20000a28                . = (. + _Min_Stack_Size)
 *fill*         0x20000628      0x400 
                0x20000a28                . = ALIGN (0x8)

/DISCARD/
 libc.a(*)
 libm.a(*)
 libgcc.a(*)

.ARM.attributes
                0x00000000       0x30
 *(.ARM.attributes)
 .ARM.attributes
                0x00000000       0x22 c:/ac6/systemworkbench/plugins/fr.ac6.mcu.externaltools.arm-none.win32_1.17.0.201812190825/tools/compiler/bin/../lib/gcc/arm-none-eabi/7.3.1/thumb/v7e-m/fpv4-sp/hard/crti.o
 .ARM.attributes
                0x00000022       0x34 c:/ac6/systemworkbench/plugins/fr.ac6.mcu.externaltools.arm-none.win32_1.17.0.201812190825/tools/compiler/bin/../lib/gcc/arm-none-eabi/7.3.1/thumb/v7e-m/fpv4-sp/hard/crtbegin.o
 .ARM.attributes
                0x00000056       0x39 Core/Src/eeprom.o
 .ARM.attributes
                0x0000008f       0x39 Core/Src/fault_library.o
 .ARM.attributes
                0x000000c8       0x39 Core/Src/fault_test.o
 .ARM.attributes
                0x00000101       0x39 Core/Src/main.o
 .ARM.attributes
                0x0000013a       0x39 Core/Src/stm32l4xx_hal_msp.o
 .ARM.attributes
                0x00000173       0x39 Core/Src/stm32l4xx_it.o
 .ARM.attributes
                0x000001ac       0x39 Core/Src/system_stm32l4xx.o
 .ARM.attributes
                0x000001e5       0x39 Drivers/STM32L4xx_HAL_Driver/Src/stm32l4xx_hal.o
 .ARM.attributes
                0x0000021e       0x39 Drivers/STM32L4xx_HAL_Driver/Src/stm32l4xx_hal_cortex.o
 .ARM.attributes
                0x00000257       0x39 Drivers/STM32L4xx_HAL_Driver/Src/stm32l4xx_hal_gpio.o
 .ARM.attributes
                0x00000290       0x39 Drivers/STM32L4xx_HAL_Driver/Src/stm32l4xx_hal_i2c.o
 .ARM.attributes
                0x000002c9       0x39 Drivers/STM32L4xx_HAL_Driver/Src/stm32l4xx_hal_i2c_ex.o
 .ARM.attributes
                0x00000302       0x39 Drivers/STM32L4xx_HAL_Driver/Src/stm32l4xx_hal_pwr_ex.o
 .ARM.attributes
                0x0000033b       0x39 Drivers/STM32L4xx_HAL_Driver/Src/stm32l4xx_hal_rcc.o
 .ARM.attributes
                0x00000374       0x39 Drivers/STM32L4xx_HAL_Driver/Src/stm32l4xx_hal_rcc_ex.o
 .ARM.attributes
                0x000003ad       0x39 Drivers/STM32L4xx_HAL_Driver/Src/stm32l4xx_hal_uart.o
 .ARM.attributes
                0x000003e6       0x21 startup/startup_stm32l432xx.o
 .ARM.attributes
                0x00000407       0x22 c:/ac6/systemworkbench/plugins/fr.ac6.mcu.externaltools.arm-none.win32_1.17.0.201812190825/tools/compiler/bin/../lib/gcc/arm-none-eabi/7.3.1/thumb/v7e-m/fpv4-sp/hard\libgcc.a(_aeabi_uldivmod.o)
 .ARM.attributes
                0x00000429       0x34 c:/ac6/systemworkbench/plugins/fr.ac6.mcu.externaltools.arm-none.win32_1.17.0.201812190825/tools/compiler/bin/../lib/gcc/arm-none-eabi/7.3.1/thumb/v7e-m/fpv4-sp/hard\libgcc.a(_udivmoddi4.o)
 .ARM.attributes
                0x0000045d       0x22 c:/ac6/systemworkbench/plugins/fr.ac6.mcu.externaltools.arm-none.win32_1.17.0.201812190825/tools/compiler/bin/../lib/gcc/arm-none-eabi/7.3.1/thumb/v7e-m/fpv4-sp/hard\libgcc.a(_dvmd_tls.o)
 .ARM.attributes
                0x0000047f       0x34 c:/ac6/systemworkbench/plugins/fr.ac6.mcu.externaltools.arm-none.win32_1.17.0.201812190825/tools/compiler/bin/../lib/gcc/arm-none-eabi/7.3.1/../../../../arm-none-eabi/lib/thumb/v7e-m/fpv4-sp/hard\libc_nano.a(lib_a-init.o)
 .ARM.attributes
                0x000004b3       0x34 c:/ac6/systemworkbench/plugins/fr.ac6.mcu.externaltools.arm-none.win32_1.17.0.201812190825/tools/compiler/bin/../lib/gcc/arm-none-eabi/7.3.1/../../../../arm-none-eabi/lib/thumb/v7e-m/fpv4-sp/hard\libc_nano.a(lib_a-memcpy-stub.o)
 .ARM.attributes
                0x000004e7       0x34 c:/ac6/systemworkbench/plugins/fr.ac6.mcu.externaltools.arm-none.win32_1.17.0.201812190825/tools/compiler/bin/../lib/gcc/arm-none-eabi/7.3.1/../../../../arm-none-eabi/lib/thumb/v7e-m/fpv4-sp/hard\libc_nano.a(lib_a-memset.o)
 .ARM.attributes
                0x0000051b       0x34 c:/ac6/systemworkbench/plugins/fr.ac6.mcu.externaltools.arm-none.win32_1.17.0.201812190825/tools/compiler/bin/../lib/gcc/arm-none-eabi/7.3.1/../../../../arm-none-eabi/lib/thumb/v7e-m/fpv4-sp/hard\libc_nano.a(lib_a-strcpy.o)
 .ARM.attributes
                0x0000054f       0x34 c:/ac6/systemworkbench/plugins/fr.ac6.mcu.externaltools.arm-none.win32_1.17.0.201812190825/tools/compiler/bin/../lib/gcc/arm-none-eabi/7.3.1/../../../../arm-none-eabi/lib/thumb/v7e-m/fpv4-sp/hard\libc_nano.a(lib_a-strncmp.o)
 .ARM.attributes
                0x00000583       0x22 c:/ac6/systemworkbench/plugins/fr.ac6.mcu.externaltools.arm-none.win32_1.17.0.201812190825/tools/compiler/bin/../lib/gcc/arm-none-eabi/7.3.1/thumb/v7e-m/fpv4-sp/hard/crtn.o
OUTPUT(FaultLibrary.elf elf32-littlearm)

.debug_info     0x00000000    0x135dc
 .debug_info    0x00000000     0x20ca Core/Src/eeprom.o
 .debug_info    0x000020ca     0x1108 Core/Src/fault_library.o
 .debug_info    0x000031d2      0xe47 Core/Src/fault_test.o
 .debug_info    0x00004019     0x2377 Core/Src/main.o
 .debug_info    0x00006390      0xfe3 Core/Src/stm32l4xx_hal_msp.o
 .debug_info    0x00007373      0x363 Core/Src/stm32l4xx_it.o
 .debug_info    0x000076d6      0x73a Core/Src/system_stm32l4xx.o
 .debug_info    0x00007e10      0xb7e Drivers/STM32L4xx_HAL_Driver/Src/stm32l4xx_hal.o
 .debug_info    0x0000898e     0x1053 Drivers/STM32L4xx_HAL_Driver/Src/stm32l4xx_hal_cortex.o
 .debug_info    0x000099e1      0x9ca Drivers/STM32L4xx_HAL_Driver/Src/stm32l4xx_hal_gpio.o
 .debug_info    0x0000a3ab     0x3b4f Drivers/STM32L4xx_HAL_Driver/Src/stm32l4xx_hal_i2c.o
 .debug_info    0x0000defa      0xb88 Drivers/STM32L4xx_HAL_Driver/Src/stm32l4xx_hal_i2c_ex.o
 .debug_info    0x0000ea82      0xb4a Drivers/STM32L4xx_HAL_Driver/Src/stm32l4xx_hal_pwr_ex.o
 .debug_info    0x0000f5cc      0xf40 Drivers/STM32L4xx_HAL_Driver/Src/stm32l4xx_hal_rcc.o
 .debug_info    0x0001050c     0x127d Drivers/STM32L4xx_HAL_Driver/Src/stm32l4xx_hal_rcc_ex.o
 .debug_info    0x00011789     0x1e31 Drivers/STM32L4xx_HAL_Driver/Src/stm32l4xx_hal_uart.o
 .debug_info    0x000135ba       0x22 startup/startup_stm32l432xx.o

.debug_abbrev   0x00000000     0x2407
 .debug_abbrev  0x00000000      0x3c9 Core/Src/eeprom.o
 .debug_abbrev  0x000003c9      0x2d3 Core/Src/fault_library.o
 .debug_abbrev  0x0000069c      0x220 Core/Src/fault_test.o
 .debug_abbrev  0x000008bc      0x363 Core/Src/main.o
 .debug_abbrev  0x00000c1f      0x1b4 Core/Src/stm32l4xx_hal_msp.o
 .debug_abbrev  0x00000dd3      0x100 Core/Src/stm32l4xx_it.o
 .debug_abbrev  0x00000ed3      0x150 Core/Src/system_stm32l4xx.o
 .debug_abbrev  0x00001023      0x209 Drivers/STM32L4xx_HAL_Driver/Src/stm32l4xx_hal.o
 .debug_abbrev  0x0000122c      0x328 Drivers/STM32L4xx_HAL_Driver/Src/stm32l4xx_hal_cortex.o
 .debug_abbrev  0x00001554      0x1de Drivers/STM32L4xx_HAL_Driver/Src/stm32l4xx_hal_gpio.o
 .debug_abbrev  0x00001732      0x25d Drivers/STM32L4xx_HAL_Driver/Src/stm32l4xx_hal_i2c.o
 .debug_abbrev  0x0000198f      0x1b9 Drivers/STM32L4xx_HAL_Driver/Src/stm32l4xx_hal_i2c_ex.o
 .debug_abbrev  0x00001b48      0x1f5 Drivers/STM32L4xx_HAL_Driver/Src/stm32l4xx_hal_pwr_ex.o
 .debug_abbrev  0x00001d3d      0x21f Drivers/STM32L4xx_HAL_Driver/Src/stm32l4xx_hal_rcc.o
 .debug_abbrev  0x00001f5c      0x24c Drivers/STM32L4xx_HAL_Driver/Src/stm32l4xx_hal_rcc_ex.o
 .debug_abbrev  0x000021a8      0x24d Drivers/STM32L4xx_HAL_Driver/Src/stm32l4xx_hal_uart.o
 .debug_abbrev  0x000023f5       0x12 startup/startup_stm32l432xx.o

.debug_loc      0x00000000     0x97bb
 .debug_loc     0x00000000      0x7db Core/Src/eeprom.o
 .debug_loc     0x000007db      0x1c4 Core/Src/fault_library.o
 .debug_loc     0x0000099f       0xe8 Core/Src/stm32l4xx_hal_msp.o
 .debug_loc     0x00000a87      0x1b8 Core/Src/system_stm32l4xx.o
 .debug_loc     0x00000c3f      0x195 Drivers/STM32L4xx_HAL_Driver/Src/stm32l4xx_hal.o
 .debug_loc     0x00000dd4      0x5ce Drivers/STM32L4xx_HAL_Driver/Src/stm32l4xx_hal_cortex.o
 .debug_loc     0x000013a2      0x334 Drivers/STM32L4xx_HAL_Driver/Src/stm32l4xx_hal_gpio.o
 .debug_loc     0x000016d6     0x4565 Drivers/STM32L4xx_HAL_Driver/Src/stm32l4xx_hal_i2c.o
 .debug_loc     0x00005c3b      0x204 Drivers/STM32L4xx_HAL_Driver/Src/stm32l4xx_hal_i2c_ex.o
 .debug_loc     0x00005e3f      0x648 Drivers/STM32L4xx_HAL_Driver/Src/stm32l4xx_hal_pwr_ex.o
 .debug_loc     0x00006487      0x661 Drivers/STM32L4xx_HAL_Driver/Src/stm32l4xx_hal_rcc.o
 .debug_loc     0x00006ae8     0x1495 Drivers/STM32L4xx_HAL_Driver/Src/stm32l4xx_hal_rcc_ex.o
 .debug_loc     0x00007f7d     0x183e Drivers/STM32L4xx_HAL_Driver/Src/stm32l4xx_hal_uart.o

.debug_aranges  0x00000000      0xc98
 .debug_aranges
                0x00000000       0xd8 Core/Src/eeprom.o
 .debug_aranges
                0x000000d8       0xa0 Core/Src/fault_library.o
 .debug_aranges
                0x00000178       0x38 Core/Src/fault_test.o
 .debug_aranges
                0x000001b0       0x68 Core/Src/main.o
 .debug_aranges
                0x00000218       0x40 Core/Src/stm32l4xx_hal_msp.o
 .debug_aranges
                0x00000258       0x60 Core/Src/stm32l4xx_it.o
 .debug_aranges
                0x000002b8       0x28 Core/Src/system_stm32l4xx.o
 .debug_aranges
                0x000002e0      0x108 Drivers/STM32L4xx_HAL_Driver/Src/stm32l4xx_hal.o
 .debug_aranges
                0x000003e8       0xa8 Drivers/STM32L4xx_HAL_Driver/Src/stm32l4xx_hal_cortex.o
 .debug_aranges
                0x00000490       0x58 Drivers/STM32L4xx_HAL_Driver/Src/stm32l4xx_hal_gpio.o
 .debug_aranges
                0x000004e8      0x290 Drivers/STM32L4xx_HAL_Driver/Src/stm32l4xx_hal_i2c.o
 .debug_aranges
                0x00000778       0x48 Drivers/STM32L4xx_HAL_Driver/Src/stm32l4xx_hal_i2c_ex.o
 .debug_aranges
                0x000007c0      0x128 Drivers/STM32L4xx_HAL_Driver/Src/stm32l4xx_hal_pwr_ex.o
 .debug_aranges
                0x000008e8       0x88 Drivers/STM32L4xx_HAL_Driver/Src/stm32l4xx_hal_rcc.o
 .debug_aranges
                0x00000970       0xf0 Drivers/STM32L4xx_HAL_Driver/Src/stm32l4xx_hal_rcc_ex.o
 .debug_aranges
                0x00000a60      0x210 Drivers/STM32L4xx_HAL_Driver/Src/stm32l4xx_hal_uart.o
 .debug_aranges
                0x00000c70       0x28 startup/startup_stm32l432xx.o

.debug_ranges   0x00000000      0xc68
 .debug_ranges  0x00000000      0x110 Core/Src/eeprom.o
 .debug_ranges  0x00000110       0x90 Core/Src/fault_library.o
 .debug_ranges  0x000001a0       0x28 Core/Src/fault_test.o
 .debug_ranges  0x000001c8       0x58 Core/Src/main.o
 .debug_ranges  0x00000220       0x30 Core/Src/stm32l4xx_hal_msp.o
 .debug_ranges  0x00000250       0x50 Core/Src/stm32l4xx_it.o
 .debug_ranges  0x000002a0       0x18 Core/Src/system_stm32l4xx.o
 .debug_ranges  0x000002b8       0xf8 Drivers/STM32L4xx_HAL_Driver/Src/stm32l4xx_hal.o
 .debug_ranges  0x000003b0       0xf8 Drivers/STM32L4xx_HAL_Driver/Src/stm32l4xx_hal_cortex.o
 .debug_ranges  0x000004a8       0x48 Drivers/STM32L4xx_HAL_Driver/Src/stm32l4xx_hal_gpio.o
 .debug_ranges  0x000004f0      0x280 Drivers/STM32L4xx_HAL_Driver/Src/stm32l4xx_hal_i2c.o
 .debug_ranges  0x00000770       0x38 Drivers/STM32L4xx_HAL_Driver/Src/stm32l4xx_hal_i2c_ex.o
 .debug_ranges  0x000007a8      0x118 Drivers/STM32L4xx_HAL_Driver/Src/stm32l4xx_hal_pwr_ex.o
 .debug_ranges  0x000008c0       0x90 Drivers/STM32L4xx_HAL_Driver/Src/stm32l4xx_hal_rcc.o
 .debug_ranges  0x00000950       0xf8 Drivers/STM32L4xx_HAL_Driver/Src/stm32l4xx_hal_rcc_ex.o
 .debug_ranges  0x00000a48      0x200 Drivers/STM32L4xx_HAL_Driver/Src/stm32l4xx_hal_uart.o
 .debug_ranges  0x00000c48       0x20 startup/startup_stm32l432xx.o

.debug_macro    0x00000000    0x209e4
 .debug_macro   0x00000000      0x2cd Core/Src/eeprom.o
 .debug_macro   0x000002cd      0xa54 Core/Src/eeprom.o
 .debug_macro   0x00000d21      0x1a7 Core/Src/eeprom.o
 .debug_macro   0x00000ec8       0x2e Core/Src/eeprom.o
 .debug_macro   0x00000ef6       0x28 Core/Src/eeprom.o
 .debug_macro   0x00000f1e       0x22 Core/Src/eeprom.o
 .debug_macro   0x00000f40       0x8e Core/Src/eeprom.o
 .debug_macro   0x00000fce       0x51 Core/Src/eeprom.o
 .debug_macro   0x0000101f       0xef Core/Src/eeprom.o
 .debug_macro   0x0000110e       0x6a Core/Src/eeprom.o
 .debug_macro   0x00001178      0x1df Core/Src/eeprom.o
 .debug_macro   0x00001357       0x1c Core/Src/eeprom.o
 .debug_macro   0x00001373       0x22 Core/Src/eeprom.o
 .debug_macro   0x00001395      0x101 Core/Src/eeprom.o
 .debug_macro   0x00001496     0x1011 Core/Src/eeprom.o
 .debug_macro   0x000024a7      0x11f Core/Src/eeprom.o
 .debug_macro   0x000025c6    0x147b4 Core/Src/eeprom.o
 .debug_macro   0x00016d7a       0x43 Core/Src/eeprom.o
 .debug_macro   0x00016dbd     0x3890 Core/Src/eeprom.o
 .debug_macro   0x0001a64d      0x174 Core/Src/eeprom.o
 .debug_macro   0x0001a7c1       0x5c Core/Src/eeprom.o
 .debug_macro   0x0001a81d     0x118b Core/Src/eeprom.o
 .debug_macro   0x0001b9a8      0x535 Core/Src/eeprom.o
 .debug_macro   0x0001bedd      0x13d Core/Src/eeprom.o
 .debug_macro   0x0001c01a      0x122 Core/Src/eeprom.o
 .debug_macro   0x0001c13c      0x26b Core/Src/eeprom.o
 .debug_macro   0x0001c3a7      0x23d Core/Src/eeprom.o
 .debug_macro   0x0001c5e4      0x241 Core/Src/eeprom.o
 .debug_macro   0x0001c825      0x375 Core/Src/eeprom.o
 .debug_macro   0x0001cb9a       0xd6 Core/Src/eeprom.o
 .debug_macro   0x0001cc70      0x22c Core/Src/eeprom.o
 .debug_macro   0x0001ce9c       0x61 Core/Src/eeprom.o
 .debug_macro   0x0001cefd       0xa5 Core/Src/eeprom.o
 .debug_macro   0x0001cfa2      0x122 Core/Src/eeprom.o
 .debug_macro   0x0001d0c4      0x357 Core/Src/eeprom.o
 .debug_macro   0x0001d41b      0x59e Core/Src/eeprom.o
 .debug_macro   0x0001d9b9       0x44 Core/Src/eeprom.o
 .debug_macro   0x0001d9fd      0x221 Core/Src/eeprom.o
 .debug_macro   0x0001dc1e       0x4c Core/Src/eeprom.o
 .debug_macro   0x0001dc6a       0x52 Core/Src/eeprom.o
 .debug_macro   0x0001dcbc       0x18 Core/Src/eeprom.o
 .debug_macro   0x0001dcd4       0x5e Core/Src/eeprom.o
 .debug_macro   0x0001dd32       0x35 Core/Src/eeprom.o
 .debug_macro   0x0001dd67       0x34 Core/Src/eeprom.o
 .debug_macro   0x0001dd9b       0x16 Core/Src/eeprom.o
 .debug_macro   0x0001ddb1       0x35 Core/Src/eeprom.o
 .debug_macro   0x0001dde6       0x58 Core/Src/eeprom.o
 .debug_macro   0x0001de3e       0x1f Core/Src/eeprom.o
 .debug_macro   0x0001de5d       0x43 Core/Src/eeprom.o
 .debug_macro   0x0001dea0       0x20 Core/Src/eeprom.o
 .debug_macro   0x0001dec0      0x18e Core/Src/eeprom.o
 .debug_macro   0x0001e04e      0x32a Core/Src/eeprom.o
 .debug_macro   0x0001e378       0x16 Core/Src/eeprom.o
 .debug_macro   0x0001e38e       0x29 Core/Src/eeprom.o
 .debug_macro   0x0001e3b7       0x16 Core/Src/eeprom.o
 .debug_macro   0x0001e3cd      0x2c8 Core/Src/fault_library.o
 .debug_macro   0x0001e695       0x58 Core/Src/fault_library.o
 .debug_macro   0x0001e6ed       0x94 Core/Src/fault_library.o
 .debug_macro   0x0001e781       0x57 Core/Src/fault_library.o
 .debug_macro   0x0001e7d8      0x330 Core/Src/fault_library.o
 .debug_macro   0x0001eb08       0x10 Core/Src/fault_library.o
 .debug_macro   0x0001eb18       0xfb Core/Src/fault_library.o
 .debug_macro   0x0001ec13       0x56 Core/Src/fault_library.o
 .debug_macro   0x0001ec69       0x58 Core/Src/fault_library.o
 .debug_macro   0x0001ecc1       0x22 Core/Src/fault_library.o
 .debug_macro   0x0001ece3      0x2bc Core/Src/fault_test.o
 .debug_macro   0x0001ef9f      0x2c8 Core/Src/main.o
 .debug_macro   0x0001f267      0x1d4 Core/Src/stm32l4xx_hal_msp.o
 .debug_macro   0x0001f43b      0x1de Core/Src/stm32l4xx_it.o
 .debug_macro   0x0001f619      0x1cb Core/Src/system_stm32l4xx.o
 .debug_macro   0x0001f7e4      0x20d Drivers/STM32L4xx_HAL_Driver/Src/stm32l4xx_hal.o
 .debug_macro   0x0001f9f1      0x1c5 Drivers/STM32L4xx_HAL_Driver/Src/stm32l4xx_hal_cortex.o
 .debug_macro   0x0001fbb6      0x204 Drivers/STM32L4xx_HAL_Driver/Src/stm32l4xx_hal_gpio.o
 .debug_macro   0x0001fdba      0x28a Drivers/STM32L4xx_HAL_Driver/Src/stm32l4xx_hal_i2c.o
 .debug_macro   0x00020044      0x1c5 Drivers/STM32L4xx_HAL_Driver/Src/stm32l4xx_hal_i2c_ex.o
 .debug_macro   0x00020209      0x1e9 Drivers/STM32L4xx_HAL_Driver/Src/stm32l4xx_hal_pwr_ex.o
 .debug_macro   0x000203f2      0x207 Drivers/STM32L4xx_HAL_Driver/Src/stm32l4xx_hal_rcc.o
 .debug_macro   0x000205f9      0x1fb Drivers/STM32L4xx_HAL_Driver/Src/stm32l4xx_hal_rcc_ex.o
 .debug_macro   0x000207f4      0x1f0 Drivers/STM32L4xx_HAL_Driver/Src/stm32l4xx_hal_uart.o

.debug_line     0x00000000     0xaf5f
 .debug_line    0x00000000      0xafa Core/Src/eeprom.o
 .debug_line    0x00000afa      0x955 Core/Src/fault_library.o
 .debug_line    0x0000144f      0x7fd Core/Src/fault_test.o
 .debug_line    0x00001c4c      0x8e7 Core/Src/main.o
 .debug_line    0x00002533      0x77e Core/Src/stm32l4xx_hal_msp.o
 .debug_line    0x00002cb1      0x795 Core/Src/stm32l4xx_it.o
 .debug_line    0x00003446      0x73d Core/Src/system_stm32l4xx.o
 .debug_line    0x00003b83      0x947 Drivers/STM32L4xx_HAL_Driver/Src/stm32l4xx_hal.o
 .debug_line    0x000044ca      0x955 Drivers/STM32L4xx_HAL_Driver/Src/stm32l4xx_hal_cortex.o
 .debug_line    0x00004e1f      0x84f Drivers/STM32L4xx_HAL_Driver/Src/stm32l4xx_hal_gpio.o
 .debug_line    0x0000566e     0x1ba6 Drivers/STM32L4xx_HAL_Driver/Src/stm32l4xx_hal_i2c.o
 .debug_line    0x00007214      0x849 Drivers/STM32L4xx_HAL_Driver/Src/stm32l4xx_hal_i2c_ex.o
 .debug_line    0x00007a5d      0xa97 Drivers/STM32L4xx_HAL_Driver/Src/stm32l4xx_hal_pwr_ex.o
 .debug_line    0x000084f4      0xaba Drivers/STM32L4xx_HAL_Driver/Src/stm32l4xx_hal_rcc.o
 .debug_line    0x00008fae      0xc96 Drivers/STM32L4xx_HAL_Driver/Src/stm32l4xx_hal_rcc_ex.o
 .debug_line    0x00009c44     0x129b Drivers/STM32L4xx_HAL_Driver/Src/stm32l4xx_hal_uart.o
 .debug_line    0x0000aedf       0x80 startup/startup_stm32l432xx.o

.debug_str      0x00000000    0xc0a79
 .debug_str     0x00000000    0xbcd57 Core/Src/eeprom.o
                              0xbd167 (size before relaxing)
 .debug_str     0x000bcd57      0x3c3 Core/Src/fault_library.o
                              0xbca35 (size before relaxing)
 .debug_str     0x000bd11a       0xac Core/Src/fault_test.o
                              0xbc7ff (size before relaxing)
 .debug_str     0x000bd1c6      0x96d Core/Src/main.o
                              0xbd967 (size before relaxing)
 .debug_str     0x000bdb33       0x87 Core/Src/stm32l4xx_hal_msp.o
                              0xba2a1 (size before relaxing)
 .debug_str     0x000bdbba       0xc9 Core/Src/stm32l4xx_it.o
                              0xb9ab7 (size before relaxing)
 .debug_str     0x000bdc83       0xcd Core/Src/system_stm32l4xx.o
                              0xb9add (size before relaxing)
 .debug_str     0x000bdd50      0x4f8 Drivers/STM32L4xx_HAL_Driver/Src/stm32l4xx_hal.o
                              0xba400 (size before relaxing)
 .debug_str     0x000be248      0x31c Drivers/STM32L4xx_HAL_Driver/Src/stm32l4xx_hal_cortex.o
                              0xba218 (size before relaxing)
 .debug_str     0x000be564      0x1e2 Drivers/STM32L4xx_HAL_Driver/Src/stm32l4xx_hal_gpio.o
                              0xb9d57 (size before relaxing)
 .debug_str     0x000be746      0xd2e Drivers/STM32L4xx_HAL_Driver/Src/stm32l4xx_hal_i2c.o
                              0xbac2a (size before relaxing)
 .debug_str     0x000bf474       0xb8 Drivers/STM32L4xx_HAL_Driver/Src/stm32l4xx_hal_i2c_ex.o
                              0xb9fe6 (size before relaxing)
 .debug_str     0x000bf52c      0x44e Drivers/STM32L4xx_HAL_Driver/Src/stm32l4xx_hal_pwr_ex.o
                              0xb9f94 (size before relaxing)
 .debug_str     0x000bf97a      0x364 Drivers/STM32L4xx_HAL_Driver/Src/stm32l4xx_hal_rcc.o
                              0xba09a (size before relaxing)
 .debug_str     0x000bfcde      0x541 Drivers/STM32L4xx_HAL_Driver/Src/stm32l4xx_hal_rcc_ex.o
                              0xba360 (size before relaxing)
 .debug_str     0x000c021f      0x82b Drivers/STM32L4xx_HAL_Driver/Src/stm32l4xx_hal_uart.o
                              0xba73d (size before relaxing)
 .debug_str     0x000c0a4a       0x2f startup/startup_stm32l432xx.o
                                 0x6b (size before relaxing)

.comment        0x00000000       0x7f
 .comment       0x00000000       0x7f Core/Src/eeprom.o
                                 0x80 (size before relaxing)
 .comment       0x0000007f       0x80 Core/Src/fault_library.o
 .comment       0x0000007f       0x80 Core/Src/fault_test.o
 .comment       0x0000007f       0x80 Core/Src/main.o
 .comment       0x0000007f       0x80 Core/Src/stm32l4xx_hal_msp.o
 .comment       0x0000007f       0x80 Core/Src/stm32l4xx_it.o
 .comment       0x0000007f       0x80 Core/Src/system_stm32l4xx.o
 .comment       0x0000007f       0x80 Drivers/STM32L4xx_HAL_Driver/Src/stm32l4xx_hal.o
 .comment       0x0000007f       0x80 Drivers/STM32L4xx_HAL_Driver/Src/stm32l4xx_hal_cortex.o
 .comment       0x0000007f       0x80 Drivers/STM32L4xx_HAL_Driver/Src/stm32l4xx_hal_gpio.o
 .comment       0x0000007f       0x80 Drivers/STM32L4xx_HAL_Driver/Src/stm32l4xx_hal_i2c.o
 .comment       0x0000007f       0x80 Drivers/STM32L4xx_HAL_Driver/Src/stm32l4xx_hal_i2c_ex.o
 .comment       0x0000007f       0x80 Drivers/STM32L4xx_HAL_Driver/Src/stm32l4xx_hal_pwr_ex.o
 .comment       0x0000007f       0x80 Drivers/STM32L4xx_HAL_Driver/Src/stm32l4xx_hal_rcc.o
 .comment       0x0000007f       0x80 Drivers/STM32L4xx_HAL_Driver/Src/stm32l4xx_hal_rcc_ex.o
 .comment       0x0000007f       0x80 Drivers/STM32L4xx_HAL_Driver/Src/stm32l4xx_hal_uart.o

.debug_frame    0x00000000     0x2230
 .debug_frame   0x00000000      0x2e4 Core/Src/eeprom.o
 .debug_frame   0x000002e4      0x180 Core/Src/fault_library.o
 .debug_frame   0x00000464       0x70 Core/Src/fault_test.o
 .debug_frame   0x000004d4      0x110 Core/Src/main.o
 .debug_frame   0x000005e4       0xa0 Core/Src/stm32l4xx_hal_msp.o
 .debug_frame   0x00000684       0xa8 Core/Src/stm32l4xx_it.o
 .debug_frame   0x0000072c       0x30 Core/Src/system_stm32l4xx.o
 .debug_frame   0x0000075c      0x21c Drivers/STM32L4xx_HAL_Driver/Src/stm32l4xx_hal.o
 .debug_frame   0x00000978      0x15c Drivers/STM32L4xx_HAL_Driver/Src/stm32l4xx_hal_cortex.o
 .debug_frame   0x00000ad4       0xd0 Drivers/STM32L4xx_HAL_Driver/Src/stm32l4xx_hal_gpio.o
 .debug_frame   0x00000ba4      0x928 Drivers/STM32L4xx_HAL_Driver/Src/stm32l4xx_hal_i2c.o
 .debug_frame   0x000014cc       0x80 Drivers/STM32L4xx_HAL_Driver/Src/stm32l4xx_hal_i2c_ex.o
 .debug_frame   0x0000154c      0x248 Drivers/STM32L4xx_HAL_Driver/Src/stm32l4xx_hal_pwr_ex.o
 .debug_frame   0x00001794      0x18c Drivers/STM32L4xx_HAL_Driver/Src/stm32l4xx_hal_rcc.o
 .debug_frame   0x00001920      0x248 Drivers/STM32L4xx_HAL_Driver/Src/stm32l4xx_hal_rcc_ex.o
 .debug_frame   0x00001b68      0x5ac Drivers/STM32L4xx_HAL_Driver/Src/stm32l4xx_hal_uart.o
 .debug_frame   0x00002114       0x2c c:/ac6/systemworkbench/plugins/fr.ac6.mcu.externaltools.arm-none.win32_1.17.0.201812190825/tools/compiler/bin/../lib/gcc/arm-none-eabi/7.3.1/thumb/v7e-m/fpv4-sp/hard\libgcc.a(_aeabi_uldivmod.o)
 .debug_frame   0x00002140       0x34 c:/ac6/systemworkbench/plugins/fr.ac6.mcu.externaltools.arm-none.win32_1.17.0.201812190825/tools/compiler/bin/../lib/gcc/arm-none-eabi/7.3.1/thumb/v7e-m/fpv4-sp/hard\libgcc.a(_udivmoddi4.o)
 .debug_frame   0x00002174       0x2c c:/ac6/systemworkbench/plugins/fr.ac6.mcu.externaltools.arm-none.win32_1.17.0.201812190825/tools/compiler/bin/../lib/gcc/arm-none-eabi/7.3.1/../../../../arm-none-eabi/lib/thumb/v7e-m/fpv4-sp/hard\libc_nano.a(lib_a-init.o)
 .debug_frame   0x000021a0       0x28 c:/ac6/systemworkbench/plugins/fr.ac6.mcu.externaltools.arm-none.win32_1.17.0.201812190825/tools/compiler/bin/../lib/gcc/arm-none-eabi/7.3.1/../../../../arm-none-eabi/lib/thumb/v7e-m/fpv4-sp/hard\libc_nano.a(lib_a-memcpy-stub.o)
 .debug_frame   0x000021c8       0x20 c:/ac6/systemworkbench/plugins/fr.ac6.mcu.externaltools.arm-none.win32_1.17.0.201812190825/tools/compiler/bin/../lib/gcc/arm-none-eabi/7.3.1/../../../../arm-none-eabi/lib/thumb/v7e-m/fpv4-sp/hard\libc_nano.a(lib_a-memset.o)
 .debug_frame   0x000021e8       0x20 c:/ac6/systemworkbench/plugins/fr.ac6.mcu.externaltools.arm-none.win32_1.17.0.201812190825/tools/compiler/bin/../lib/gcc/arm-none-eabi/7.3.1/../../../../arm-none-eabi/lib/thumb/v7e-m/fpv4-sp/hard\libc_nano.a(lib_a-strcpy.o)
 .debug_frame   0x00002208       0x28 c:/ac6/systemworkbench/plugins/fr.ac6.mcu.externaltools.arm-none.win32_1.17.0.201812190825/tools/compiler/bin/../lib/gcc/arm-none-eabi/7.3.1/../../../../arm-none-eabi/lib/thumb/v7e-m/fpv4-sp/hard\libc_nano.a(lib_a-strncmp.o)
